Product: MDK-ARM Standard 5.10
Component: ARM Compiler 5.04 update 1 (build 49)
Tool: armlink [5040049]

==============================================================================

Section Cross References

    main.o(.text) refers to sys.o(.text) for NVIC_Configuration
    main.o(.text) refers to delay.o(.text) for delay_init
    main.o(.text) refers to usart.o(.text) for uart_init
    main.o(.text) refers to led.o(.text) for LED_Init
    main.o(.text) refers to ili93xx.o(.text) for TFTLCD_Init
    main.o(.text) refers to malloc.o(.text) for mem_init
    main.o(.text) refers to stm32f10x_rcc.o(.text) for RCC_AHBPeriphClockCmd
    main.o(.text) refers to gui_core.o(i.GUI_Init) for GUI_Init
    main.o(.text) refers to gui_setcolor.o(i.GUI_SetBkColor) for GUI_SetBkColor
    main.o(.text) refers to gui_setcolor.o(i.GUI_SetColor) for GUI_SetColor
    main.o(.text) refers to gui_dispstringat.o(i.GUI_DispStringAt) for GUI_DispStringAt
    main.o(.text) refers to gui_drawroundedrect.o(i.GUI_DrawRoundedRect) for GUI_DrawRoundedRect
    main.o(.text) refers to gui_drawroundedframe.o(i.GUI_DrawRoundedFrame) for GUI_DrawRoundedFrame
    main.o(.text) refers to gui_core.o(i.GUI_Clear) for GUI_Clear
    main.o(.text) refers to gui_core.o(i.GUI_ClearRect) for GUI_ClearRect
    main.o(.text) refers to gui_drawgradient.o(i.GUI_DrawGradientH) for GUI_DrawGradientH
    main.o(.text) refers to gui_drawgradientrounded.o(i.GUI_DrawGradientRoundedV) for GUI_DrawGradientRoundedV
    main.o(.text) refers to gui_2dlib.o(i.GUI_DrawRect) for GUI_DrawRect
    main.o(.text) refers to gui_fillrect.o(i.GUI_FillRect) for GUI_FillRect
    main.o(.text) refers to gui_fillroundedrect.o(i.GUI_FillRoundedRect) for GUI_FillRoundedRect
    main.o(.text) refers to gui_invertrect.o(i.GUI_InvertRect) for GUI_InvertRect
    main.o(.text) refers to gui_pen.o(i.GUI_SetPenSize) for GUI_SetPenSize
    main.o(.text) refers to gui_drawpixel.o(i.GUI_DrawPixel) for GUI_DrawPixel
    main.o(.text) refers to gui_drawpoint.o(i.GUI_DrawPoint) for GUI_DrawPoint
    main.o(.text) refers to gui_dispstringhcenter.o(i.GUI_DispStringHCenterAt) for GUI_DispStringHCenterAt
    main.o(.text) refers to gui_setfont.o(i.GUI_SetFont) for GUI_SetFont
    main.o(.text) refers to gui_enablealpha.o(i.GUI_EnableAlpha) for GUI_EnableAlpha
    main.o(.text) refers to gui_setalpha.o(i.GUI_SetAlpha) for GUI_SetAlpha
    main.o(.text) refers to gui_drawline.o(i.GUI_DrawLine) for GUI_DrawLine
    main.o(.text) refers to gui_drawhline.o(i.GUI_DrawHLine) for GUI_DrawHLine
    main.o(.text) refers to gui_drawvline.o(i.GUI_DrawVLine) for GUI_DrawVLine
    main.o(.text) refers to gui_setlinestyle.o(i.GUI_SetLineStyle) for GUI_SetLineStyle
    main.o(.text) refers to gui_circ.o(i.GUI_FillCircle) for GUI_FillCircle
    main.o(.text) refers to gui_settextmode.o(i.GUI_SetTextMode) for GUI_SetTextMode
    main.o(.text) refers to os_time.o(.text) for OSTimeDlyHMSM
    main.o(.text) refers to gui_touch_driveranalog.o(i.GUI_TOUCH_Exec) for GUI_TOUCH_Exec
    main.o(.text) refers to os_cpu_a.o(.text) for OS_CPU_SR_Save
    main.o(.text) refers to os_task.o(.text) for OSTaskCreate
    main.o(.text) refers to os_core.o(.text) for OSInit
    main.o(.text) refers to touch.o(.data) for tp_dev
    main.o(.text) refers to f16_ascii.o(.constdata) for GUI_Font16_ASCII
    main.o(.text) refers to f24b_ascii.o(.constdata) for GUI_Font24B_ASCII
    main.o(.text) refers to main.o(.bss) for EMWIN_TASK_STK
    stm32f10x_it.o(.text) refers to ili93xx.o(.text) for LCD_ShowString
    system_stm32f10x.o(.text) refers to system_stm32f10x.o(.data) for SystemCoreClock
    led.o(.text) refers to stm32f10x_rcc.o(.text) for RCC_APB2PeriphClockCmd
    led.o(.text) refers to stm32f10x_gpio.o(.text) for GPIO_Init
    key.o(.text) refers to stm32f10x_rcc.o(.text) for RCC_APB2PeriphClockCmd
    key.o(.text) refers to stm32f10x_gpio.o(.text) for GPIO_PinRemapConfig
    key.o(.text) refers to delay.o(.text) for delay_ms
    key.o(.text) refers to key.o(.data) for key_up
    ili93xx.o(.text) refers to _printf_percent.o(.ARM.Collect$$_printf_percent$$00000000) for _printf_percent
    ili93xx.o(.text) refers to _printf_x.o(.ARM.Collect$$_printf_percent$$0000000C) for _printf_x
    ili93xx.o(.text) refers to _printf_hex_int.o(.text) for _printf_longlong_hex
    ili93xx.o(.text) refers to stm32f10x_gpio.o(.text) for GPIO_ResetBits
    ili93xx.o(.text) refers to delay.o(.text) for delay_us
    ili93xx.o(.text) refers to ili93xx.o(.bss) for lcddev
    ili93xx.o(.text) refers to ili93xx.o(.data) for POINT_COLOR
    ili93xx.o(.text) refers to stm32f10x_rcc.o(.text) for RCC_APB2PeriphClockCmd
    ili93xx.o(.text) refers to noretval__2printf.o(.text) for __2printf
    ili93xx.o(.text) refers to ili93xx.o(.constdata) for asc2_1206
    24cxx.o(.text) refers to myiic.o(.text) for IIC_Init
    24cxx.o(.text) refers to delay.o(.text) for delay_ms
    myiic.o(.text) refers to stm32f10x_rcc.o(.text) for RCC_APB2PeriphClockCmd
[...]
    0x08010164   0x00000038   Code   RO         2085    i.GUI__GetLineNumChars  STemWin526_CM3_OS_Keil.lib(gui_charline.o)
    0x0801019c   0x00000018   Code   RO         2086    i.GUI__GetOverlap   STemWin526_CM3_OS_Keil.lib(gui_charline.o)
    0x080101b4   0x0000003a   Code   RO         2554    i.GUI__IntersectRect  STemWin526_CM3_OS_Keil.lib(gui__intersectrect.o)
    0x080101ee   0x00000052   Code   RO         2556    i.GUI__IntersectRects  STemWin526_CM3_OS_Keil.lib(gui__intersectrects.o)
    0x08010240   0x00000010   Code   RO         2559    i.GUI__ManageCache  STemWin526_CM3_OS_Keil.lib(gui__managecache.o)
    0x08010250   0x000000c8   Code   RO         2560    i.GUI__ManageCacheEx  STemWin526_CM3_OS_Keil.lib(gui__managecache.o)
    0x08010318   0x00000060   Code   RO         2029    i.GUI__MixColors    STemWin526_CM3_OS_Keil.lib(gui__alpha.o)
    0x08010378   0x00000010   Code   RO         1019    i.GUI__RegisterExit  STemWin526_CM3_OS_Keil.lib(gui_core.o)
    0x08010388   0x0000004c   Code   RO         2056    i.GUI__memset       STemWin526_CM3_OS_Keil.lib(gui__memset.o)
    0x080103d4   0x0000003c   Code   RO         2058    i.GUI__memset16     STemWin526_CM3_OS_Keil.lib(gui__memset16.o)
    0x08010410   0x0000001a   Code   RO         2060    i.GUI__sqrt32       STemWin526_CM3_OS_Keil.lib(gui__sqrt32.o)
    0x0801042a   0x00000008   Code   RO         1132    i.GUI_cos           STemWin526_CM3_OS_Keil.lib(gui_drawline.o)
    0x08010432   0x00000002   PAD
    0x08010434   0x00000058   Code   RO         1133    i.GUI_sin           STemWin526_CM3_OS_Keil.lib(gui_drawline.o)
    0x0801048c   0x0000001c   Code   RO         2316    i.LCD_Color2Index   STemWin526_CM3_OS_Keil.lib(lcd.o)
    0x080104a8   0x00000204   Code   RO         2317    i.LCD_DrawBitmap    STemWin526_CM3_OS_Keil.lib(lcd.o)
    0x080106ac   0x00000058   Code   RO         2318    i.LCD_DrawHLine     STemWin526_CM3_OS_Keil.lib(lcd.o)
    0x08010704   0x00000068   Code   RO         2319    i.LCD_DrawPixel     STemWin526_CM3_OS_Keil.lib(lcd.o)
    0x0801076c   0x00000054   Code   RO         2320    i.LCD_DrawVLine     STemWin526_CM3_OS_Keil.lib(lcd.o)
    0x080107c0   0x00000058   Code   RO         2321    i.LCD_FillRect      STemWin526_CM3_OS_Keil.lib(lcd.o)
    0x08010818   0x00000006   Code   RO         1395    i.LCD_GetBitsPerPixelEx  STemWin526_CM3_OS_Keil.lib(lcd_getex.o)
    0x0801081e   0x00000002   PAD
    0x08010820   0x00000010   Code   RO         2655    i.LCD_GetBkColorIndex  STemWin526_CM3_OS_Keil.lib(lcd_getcolorindex.o)
    0x08010830   0x00000010   Code   RO         2656    i.LCD_GetColorIndex  STemWin526_CM3_OS_Keil.lib(lcd_getcolorindex.o)
    0x08010840   0x00000010   Code   RO         1402    i.LCD_GetNumColors  STemWin526_CM3_OS_Keil.lib(lcd_getex.o)
    0x08010850   0x00000006   Code   RO         1403    i.LCD_GetNumColorsEx  STemWin526_CM3_OS_Keil.lib(lcd_getex.o)
    0x08010856   0x0000001a   Code   RO         2659    i.LCD_GetNumLayers  STemWin526_CM3_OS_Keil.lib(lcd_getnumdisplays.o)
    0x08010870   0x00000010   Code   RO         1404    i.LCD_GetPalette    STemWin526_CM3_OS_Keil.lib(lcd_getex.o)
    0x08010880   0x00000018   Code   RO         1405    i.LCD_GetPaletteEx  STemWin526_CM3_OS_Keil.lib(lcd_getex.o)
    0x08010898   0x0000002c   Code   RO         1470    i.LCD_GetPosEx      STemWin526_CM3_OS_Keil.lib(lcd_set.o)
    0x080108c4   0x00000006   Code   RO         1410    i.LCD_GetVXSizeMax  STemWin526_CM3_OS_Keil.lib(lcd_getex.o)
    0x080108ca   0x00000006   Code   RO         1417    i.LCD_GetXSizeEx    STemWin526_CM3_OS_Keil.lib(lcd_getex.o)
    0x080108d0   0x00000006   Code   RO         1422    i.LCD_GetYSizeEx    STemWin526_CM3_OS_Keil.lib(lcd_getex.o)
    0x080108d6   0x00000004   Code   RO         2372    i.LCD_GetpPalConvTableBM  STemWin526_CM3_OS_Keil.lib(lcd_color.o)
    0x080108da   0x00000002   PAD
    0x080108dc   0x00000048   Code   RO         2373    i.LCD_GetpPalConvTableUncached  STemWin526_CM3_OS_Keil.lib(lcd_color.o)
    0x08010924   0x0000001c   Code   RO         2322    i.LCD_Index2Color   STemWin526_CM3_OS_Keil.lib(lcd.o)
    0x08010940   0x0000002c   Code   RO         1380    i.LCD_Index2Color_565  STemWin526_CM3_OS_Keil.lib(guicc_565.o)
    0x0801096c   0x00000034   Code   RO         2374    i.LCD_InitColors    STemWin526_CM3_OS_Keil.lib(lcd_color.o)
    0x080109a0   0x00000070   Code   RO         2375    i.LCD_InitLUT       STemWin526_CM3_OS_Keil.lib(lcd_color.o)
    0x08010a10   0x00000040   Code   RO         2811    i.LCD_SelectLCD     STemWin526_CM3_OS_Keil.lib(lcd_selectlcd.o)
    0x08010a50   0x0000000c   Code   RO         2323    i.LCD_SetBkColor    STemWin526_CM3_OS_Keil.lib(lcd.o)
    0x08010a5c   0x00000018   Code   RO         2324    i.LCD_SetBkColorIndex  STemWin526_CM3_OS_Keil.lib(lcd.o)
    0x08010a74   0x00000030   Code   RO         2673    i.LCD_SetClipRectEx  STemWin526_CM3_OS_Keil.lib(lcd_setcliprectex.o)
    0x08010aa4   0x0000001c   Code   RO         2325    i.LCD_SetClipRectMax  STemWin526_CM3_OS_Keil.lib(lcd.o)
    0x08010ac0   0x0000000c   Code   RO         2326    i.LCD_SetColor      STemWin526_CM3_OS_Keil.lib(lcd.o)
    0x08010acc   0x00000018   Code   RO         2327    i.LCD_SetColorIndex  STemWin526_CM3_OS_Keil.lib(lcd.o)
    0x08010ae4   0x0000000c   Code   RO         2328    i.LCD_SetDrawMode   STemWin526_CM3_OS_Keil.lib(lcd.o)
    0x08010af0   0x0000002c   Code   RO         1483    i.LCD_SetLUTEntryEx  STemWin526_CM3_OS_Keil.lib(lcd_set.o)
    0x08010b1c   0x0000002c   Code   RO         1485    i.LCD_SetPosEx      STemWin526_CM3_OS_Keil.lib(lcd_set.o)
    0x08010b48   0x0000002c   Code   RO         1487    i.LCD_SetSizeEx     STemWin526_CM3_OS_Keil.lib(lcd_set.o)
    0x08010b74   0x0000002c   Code   RO         1491    i.LCD_SetVSizeEx    STemWin526_CM3_OS_Keil.lib(lcd_set.o)
    0x08010ba0   0x00000024   Code   RO         2675    i.LCD_UpdateColorIndices  STemWin526_CM3_OS_Keil.lib(lcd_updatecolorindices.o)
    0x08010bc4   0x000001b4   Code   RO         2329    i.LCD__DrawBitmap_1bpp  STemWin526_CM3_OS_Keil.lib(lcd.o)
    0x08010d78   0x0000005c   Code   RO         1426    i.LCD__GetBPP       STemWin526_CM3_OS_Keil.lib(lcd_getex.o)
    0x08010dd4   0x00000032   Code   RO         1427    i.LCD__GetBPPDevice  STemWin526_CM3_OS_Keil.lib(lcd_getex.o)
    0x08010e06   0x00000002   PAD
    0x08010e08   0x00000010   Code   RO         2439    i.WM_Activate       STemWin526_CM3_OS_Keil.lib(wm.o)
    0x08010e18   0x00000088   Code   RO         2720    i.WM_BringToBottom  STemWin526_CM3_OS_Keil.lib(wm_bringtobottom.o)
    0x08010ea0   0x00000150   Code   RO         2441    i.WM_CreateWindowAsChild  STemWin526_CM3_OS_Keil.lib(wm.o)
    0x08010ff0   0x00000020   Code   RO         2442    i.WM_Deactivate     STemWin526_CM3_OS_Keil.lib(wm.o)
    0x08011010   0x00000046   Code   RO         2443    i.WM_DefaultProc    STemWin526_CM3_OS_Keil.lib(wm.o)
    0x08011056   0x00000002   PAD
    0x08011058   0x00000018   Code   RO         2552    i.WM_GetDesktopWindow  STemWin526_CM3_OS_Keil.lib(wm_getdesktopwindow.o)
    0x08011070   0x00000014   Code   RO         2913    i.WM_GetDesktopWindowEx  STemWin526_CM3_OS_Keil.lib(wm_getdesktopwindowex.o)
    0x08011084   0x0000001a   Code   RO         2732    i.WM_GetFirstChild  STemWin526_CM3_OS_Keil.lib(wm_getfirstchild.o)
    0x0801109e   0x0000001a   Code   RO         2876    i.WM_GetParent      STemWin526_CM3_OS_Keil.lib(wm_getparent.o)
    0x080110b8   0x00000378   Code   RO         2752    i.WM_HandlePID      STemWin526_CM3_OS_Keil.lib(wm_touch.o)
    0x08011430   0x000000d4   Code   RO         2447    i.WM_Init           STemWin526_CM3_OS_Keil.lib(wm.o)
    0x08011504   0x00000080   Code   RO         2448    i.WM_InvalidateRect  STemWin526_CM3_OS_Keil.lib(wm.o)
    0x08011584   0x00000006   Code   RO         2449    i.WM_InvalidateWindow  STemWin526_CM3_OS_Keil.lib(wm.o)
    0x0801158a   0x0000005e   Code   RO         2450    i.WM_InvalidateWindowAndDescsEx  STemWin526_CM3_OS_Keil.lib(wm.o)
    0x080115e8   0x00000018   Code   RO         2882    i.WM_IsWindow       STemWin526_CM3_OS_Keil.lib(wm_iswindow.o)
    0x08011600   0x00000018   Code   RO         2887    i.WM_PID__SetPrevState  STemWin526_CM3_OS_Keil.lib(wm_pid__getprevstate.o)
    0x08011618   0x00000012   Code   RO         2901    i.WM_ReleaseCapture  STemWin526_CM3_OS_Keil.lib(wm_setcapture.o)
    0x0801162a   0x0000001e   Code   RO         2891    i.WM_Screen2hWin    STemWin526_CM3_OS_Keil.lib(wm_screen2win.o)
    0x08011648   0x00000044   Code   RO         2451    i.WM_SelectWindow   STemWin526_CM3_OS_Keil.lib(wm.o)
    0x0801168c   0x00000026   Code   RO         2738    i.WM_SendToParent   STemWin526_CM3_OS_Keil.lib(wm_sendtoparent.o)
    0x080116b2   0x00000002   PAD
    0x080116b4   0x00000048   Code   RO         2454    i.WM__ActivateClipRect  STemWin526_CM3_OS_Keil.lib(wm.o)
    0x080116fc   0x00000010   Code   RO         2722    i.WM__AddCriticalHandle  STemWin526_CM3_OS_Keil.lib(wm_criticalhandle.o)
    0x0801170c   0x00000010   Code   RO         2455    i.WM__Client2Screen  STemWin526_CM3_OS_Keil.lib(wm.o)
    0x0801171c   0x0000004e   Code   RO         2456    i.WM__ClipAtParentBorders  STemWin526_CM3_OS_Keil.lib(wm.o)
    0x0801176a   0x00000020   Code   RO         2728    i.WM__GetClientRectEx  STemWin526_CM3_OS_Keil.lib(wm_getclientrect.o)
    0x0801178a   0x00000018   Code   RO         2459    i.WM__GetClientRectWin  STemWin526_CM3_OS_Keil.lib(wm.o)
    0x080117a2   0x00000012   Code   RO         2911    i.WM__GetFirstSibling  STemWin526_CM3_OS_Keil.lib(wm__getfirstsibling.o)
    0x080117b4   0x00000040   Code   RO         2460    i.WM__GetNextIVR    STemWin526_CM3_OS_Keil.lib(wm.o)
    0x080117f4   0x00000024   Code   RO         2856    i.WM__GetPrevSibling  STemWin526_CM3_OS_Keil.lib(wm__getprevsibling.o)
    0x08011818   0x00000018   Code   RO         2461    i.WM__GetTopLevelLayer  STemWin526_CM3_OS_Keil.lib(wm.o)
    0x08011830   0x000000f0   Code   RO         2462    i.WM__InitIVRSearch  STemWin526_CM3_OS_Keil.lib(wm.o)
    0x08011920   0x000000a4   Code   RO         2463    i.WM__InsertWindowIntoList  STemWin526_CM3_OS_Keil.lib(wm.o)
    0x080119c4   0x00000006   Code   RO         2464    i.WM__Invalidate1Abs  STemWin526_CM3_OS_Keil.lib(wm.o)
    0x080119ca   0x00000002   PAD
    0x080119cc   0x00000054   Code   RO         2465    i.WM__InvalidateDrawAndDescs  STemWin526_CM3_OS_Keil.lib(wm.o)
    0x08011a20   0x00000076   Code   RO         2467    i.WM__InvalidateRect  STemWin526_CM3_OS_Keil.lib(wm.o)
    0x08011a96   0x00000006   Code   RO         2468    i.WM__InvalidateRectEx  STemWin526_CM3_OS_Keil.lib(wm.o)
    0x08011a9c   0x00000022   Code   RO         2858    i.WM__IsAncestor    STemWin526_CM3_OS_Keil.lib(wm__isancestor.o)
    0x08011abe   0x00000016   Code   RO         2862    i.WM__IsEnabled     STemWin526_CM3_OS_Keil.lib(wm__isenabled.o)
    0x08011ad4   0x00000068   Code   RO         2753    i.WM__IsInModalArea  STemWin526_CM3_OS_Keil.lib(wm_touch.o)
    0x08011b3c   0x00000030   Code   RO         2893    i.WM__IsInWindow    STemWin526_CM3_OS_Keil.lib(wm_screen2win.o)
    0x08011b6c   0x00000024   Code   RO         2469    i.WM__IsWindow      STemWin526_CM3_OS_Keil.lib(wm.o)
    0x08011b90   0x00000020   Code   RO         2473    i.WM__RectIsNZ      STemWin526_CM3_OS_Keil.lib(wm.o)
    0x08011bb0   0x0000002c   Code   RO         2903    i.WM__ReleaseCapture  STemWin526_CM3_OS_Keil.lib(wm_setcapture.o)
    0x08011bdc   0x0000002c   Code   RO         2723    i.WM__RemoveCriticalHandle  STemWin526_CM3_OS_Keil.lib(wm_criticalhandle.o)
    0x08011c08   0x00000014   Code   RO         2476    i.WM__SelectTopLevelLayer  STemWin526_CM3_OS_Keil.lib(wm.o)
    0x08011c1c   0x0000003c   Code   RO         2717    i.WM__SendMessage   STemWin526_CM3_OS_Keil.lib(wm__sendmessage.o)
    0x08011c58   0x0000001c   Code   RO         2864    i.WM__SendMessageIfEnabled  STemWin526_CM3_OS_Keil.lib(wm__sendmessageifenabled.o)
    0x08011c74   0x0000000e   Code   RO         2477    i.WM__SendMsgNoData  STemWin526_CM3_OS_Keil.lib(wm.o)
    0x08011c82   0x0000003e   Code   RO         2754    i.WM__SendPIDMessage  STemWin526_CM3_OS_Keil.lib(wm_touch.o)
    0x08011cc0   0x00000036   Code   RO         2755    i.WM__SendTouchMessage  STemWin526_CM3_OS_Keil.lib(wm_touch.o)
    0x08011cf6   0x00000002   PAD
    0x08011cf8   0x00000038   Code   RO         2127    i._Add              STemWin526_CM3_OS_Keil.lib(gui_fillpolygon.o)
    0x08011d30   0x00000078   Code   RO          946    i._AddFreeMemory    STemWin526_CM3_OS_Keil.lib(gui_alloc.o)
    0x08011da8   0x000000bc   Code   RO          947    i._Alloc            STemWin526_CM3_OS_Keil.lib(gui_alloc.o)
    0x08011e64   0x00000004   Code   RO         2306    i._CalcSizeOfChar   STemWin526_CM3_OS_Keil.lib(gui_uc_encodenone.o)
    0x08011e68   0x00000010   Code   RO         1172    i._Color2Index      STemWin526_CM3_OS_Keil.lib(gui_enablealpha.o)
    0x08011e78   0x0000001c   Code   RO         1257    i._Color2Index      STemWin526_CM3_OS_Keil.lib(gui_setalpha.o)
    0x08011e94   0x00000078   Code   RO         1173    i._Color2IndexBulk  STemWin526_CM3_OS_Keil.lib(gui_enablealpha.o)
    0x08011f0c   0x000000a4   Code   RO         1258    i._Color2IndexBulk  STemWin526_CM3_OS_Keil.lib(gui_setalpha.o)
    0x08011fb0   0x00000038   Code   RO         1381    i._Color2IndexBulk  STemWin526_CM3_OS_Keil.lib(guicc_565.o)
    0x08011fe8   0x00000054   Code   RO         2633    i._Color2Index_0    STemWin526_CM3_OS_Keil.lib(guicc_0.o)
    0x0801203c   0x00000028   Code   RO         1382    i._Color2Index_565  STemWin526_CM3_OS_Keil.lib(guicc_565.o)
    0x08012064   0x0000003e   Code   RO         2429    i._Convert16        STemWin526_CM3_OS_Keil.lib(guidev_writetoactiveopaque.o)
    0x080120a2   0x0000003e   Code   RO         2430    i._Convert8         STemWin526_CM3_OS_Keil.lib(guidev_writetoactiveopaque.o)
    0x080120e0   0x0000009a   Code   RO         2198    i._CreateBuffer     STemWin526_CM3_OS_Keil.lib(gui_sprite.o)
    0x0801217a   0x0000001c   Code   RO         1648    i._Data2Index_16bpp_B16  STemWin526_CM3_OS_Keil.lib(guidrv_flexcolor_func66709.o)
    0x08012196   0x00000016   Code   RO         1649    i._Data2Index_16bpp_B8  STemWin526_CM3_OS_Keil.lib(guidrv_flexcolor_func66709.o)
    0x080121ac   0x00000014   Code   RO         2146    i._DecPointer       STemWin526_CM3_OS_Keil.lib(gui_pid.o)
    0x080121c0   0x00000020   Code   RO         2479    i._DesktopHandle2Index  STemWin526_CM3_OS_Keil.lib(wm.o)
    0x080121e0   0x00000074   Code   RO         2087    i._DispLine         STemWin526_CM3_OS_Keil.lib(gui_charline.o)
    0x08012254   0x0000006c   Code   RO         1259    i._DrawBitLine16BPP  STemWin526_CM3_OS_Keil.lib(gui_setalpha.o)
    0x080122c0   0x00000178   Code   RO         1260    i._DrawBitLine1BPP  STemWin526_CM3_OS_Keil.lib(gui_setalpha.o)
    0x08012438   0x00000148   Code   RO         1629    i._DrawBitLine1BPP  STemWin526_CM3_OS_Keil.lib(guidrv_flexcolor_16bpp_c0b16.o)
    0x08012580   0x00000148   Code   RO         1988    i._DrawBitLine1BPP  STemWin526_CM3_OS_Keil.lib(guidev_16.o)
    0x080126c8   0x00000114   Code   RO         1261    i._DrawBitLine2BPP  STemWin526_CM3_OS_Keil.lib(gui_setalpha.o)
    0x080127dc   0x00000118   Code   RO         1630    i._DrawBitLine2BPP  STemWin526_CM3_OS_Keil.lib(guidrv_flexcolor_16bpp_c0b16.o)
    0x080128f4   0x000000e0   Code   RO         1989    i._DrawBitLine2BPP  STemWin526_CM3_OS_Keil.lib(guidev_16.o)
    0x080129d4   0x00000068   Code   RO         1262    i._DrawBitLine32BPP  STemWin526_CM3_OS_Keil.lib(gui_setalpha.o)
    0x08012a3c   0x00000114   Code   RO         1263    i._DrawBitLine4BPP  STemWin526_CM3_OS_Keil.lib(gui_setalpha.o)
    0x08012b50   0x00000118   Code   RO         1631    i._DrawBitLine4BPP  STemWin526_CM3_OS_Keil.lib(guidrv_flexcolor_16bpp_c0b16.o)
    0x08012c68   0x00000160   Code   RO         1990    i._DrawBitLine4BPP  STemWin526_CM3_OS_Keil.lib(guidev_16.o)
    0x08012dc8   0x0000009c   Code   RO         1264    i._DrawBitLine8BPP  STemWin526_CM3_OS_Keil.lib(gui_setalpha.o)
    0x08012e64   0x000000d4   Code   RO         1632    i._DrawBitLine8BPP  STemWin526_CM3_OS_Keil.lib(guidrv_flexcolor_16bpp_c0b16.o)
    0x08012f38   0x000000fc   Code   RO         1174    i._DrawBitmap       STemWin526_CM3_OS_Keil.lib(gui_enablealpha.o)
    0x08013034   0x000000ca   Code   RO         1265    i._DrawBitmap       STemWin526_CM3_OS_Keil.lib(gui_setalpha.o)
    0x080130fe   0x00000022   Code   RO         1534    i._DrawBitmap       STemWin526_CM3_OS_Keil.lib(guidrv_flexcolor.o)
    0x08013120   0x000000f4   Code   RO         1633    i._DrawBitmap       STemWin526_CM3_OS_Keil.lib(guidrv_flexcolor_16bpp_c0b16.o)
    0x08013214   0x000002d8   Code   RO         1991    i._DrawBitmap       STemWin526_CM3_OS_Keil.lib(guidev_16.o)
    0x080134ec   0x00000054   Code   RO         1266    i._DrawBitmapLine   STemWin526_CM3_OS_Keil.lib(gui_setalpha.o)
    0x08013540   0x0000017e   Code   RO         1110    i._DrawGradient     STemWin526_CM3_OS_Keil.lib(gui_drawgradient.o)
    0x080136be   0x00000104   Code   RO         1116    i._DrawGradientRounded  STemWin526_CM3_OS_Keil.lib(gui_drawgradientrounded.o)
    0x080137c2   0x00000016   Code   RO         1175    i._DrawHLine        STemWin526_CM3_OS_Keil.lib(gui_enablealpha.o)
    0x080137d8   0x0000007c   Code   RO         1267    i._DrawHLine        STemWin526_CM3_OS_Keil.lib(gui_setalpha.o)
    0x08013854   0x0000000e   Code   RO         1535    i._DrawHLine        STemWin526_CM3_OS_Keil.lib(guidrv_flexcolor.o)
    0x08013862   0x0000000a   Code   RO         1992    i._DrawHLine        STemWin526_CM3_OS_Keil.lib(guidev_16.o)
    0x0801386c   0x00000014   Code   RO         1134    i._DrawLineEnd      STemWin526_CM3_OS_Keil.lib(gui_drawline.o)
    0x08013880   0x0000011c   Code   RO         1160    i._DrawRoundedFrame  STemWin526_CM3_OS_Keil.lib(gui_drawroundedframe.o)
    0x0801399c   0x0000011e   Code   RO         1164    i._DrawRoundedRect  STemWin526_CM3_OS_Keil.lib(gui_drawroundedrect.o)
    0x08013aba   0x00000016   Code   RO         1176    i._DrawVLine        STemWin526_CM3_OS_Keil.lib(gui_enablealpha.o)
    0x08013ad0   0x00000048   Code   RO         1268    i._DrawVLine        STemWin526_CM3_OS_Keil.lib(gui_setalpha.o)
    0x08013b18   0x00000010   Code   RO         1536    i._DrawVLine        STemWin526_CM3_OS_Keil.lib(guidrv_flexcolor.o)
    0x08013b28   0x000000b8   Code   RO         1993    i._DrawVLine        STemWin526_CM3_OS_Keil.lib(guidev_16.o)
    0x08013be0   0x00000006   Code   RO         2307    i._Encode           STemWin526_CM3_OS_Keil.lib(gui_uc_encodenone.o)
    0x08013be6   0x00000002   PAD
    0x08013be8   0x00000098   Code   RO          948    i._EnlargeBlocks    STemWin526_CM3_OS_Keil.lib(gui_alloc.o)
    0x08013c80   0x00000014   Code   RO         1177    i._FillRect         STemWin526_CM3_OS_Keil.lib(gui_enablealpha.o)
    0x08013c94   0x00000026   Code   RO         1269    i._FillRect         STemWin526_CM3_OS_Keil.lib(gui_setalpha.o)
    0x08013cba   0x00000010   Code   RO         1537    i._FillRect         STemWin526_CM3_OS_Keil.lib(guidrv_flexcolor.o)
    0x08013cca   0x00000002   PAD
    0x08013ccc   0x000000f8   Code   RO         1634    i._FillRect         STemWin526_CM3_OS_Keil.lib(guidrv_flexcolor_16bpp_c0b16.o)
    0x08013dc4   0x000000ac   Code   RO         1994    i._FillRect         STemWin526_CM3_OS_Keil.lib(guidev_16.o)
    0x08013e70   0x00000148   Code   RO         2482    i._FindNext_IVR     STemWin526_CM3_OS_Keil.lib(wm.o)
    0x08013fb8   0x0000007c   Code   RO         2483    i._Findx0           STemWin526_CM3_OS_Keil.lib(wm.o)
    0x08014034   0x00000072   Code   RO         2484    i._Findx1           STemWin526_CM3_OS_Keil.lib(wm.o)
    0x080140a6   0x000000a6   Code   RO         2485    i._Findy1           STemWin526_CM3_OS_Keil.lib(wm.o)
    0x0801414c   0x00000074   Code   RO         2204    i._FlushBuffer      STemWin526_CM3_OS_Keil.lib(gui_sprite.o)
    0x080141c0   0x00000018   Code   RO         1270    i._GetBitsPerPixel  STemWin526_CM3_OS_Keil.lib(gui_setalpha.o)
    0x080141d8   0x0000006c   Code   RO         2205    i._GetBkPixel       STemWin526_CM3_OS_Keil.lib(gui_sprite.o)
    0x08014244   0x00000004   Code   RO         2308    i._GetCharCode      STemWin526_CM3_OS_Keil.lib(gui_uc_encodenone.o)
    0x08014248   0x00000004   Code   RO         2309    i._GetCharSize      STemWin526_CM3_OS_Keil.lib(gui_uc_encodenone.o)
    0x0801424c   0x0000000e   Code   RO         1178    i._GetDevData       STemWin526_CM3_OS_Keil.lib(gui_enablealpha.o)
    0x0801425a   0x00000004   Code   RO         1271    i._GetDevData       STemWin526_CM3_OS_Keil.lib(gui_setalpha.o)
    0x0801425e   0x0000000e   Code   RO         1538    i._GetDevData       STemWin526_CM3_OS_Keil.lib(guidrv_flexcolor.o)
    0x0801426c   0x00000010   Code   RO         1995    i._GetDevData       STemWin526_CM3_OS_Keil.lib(guidev_16.o)
    0x0801427c   0x00000012   Code   RO         1179    i._GetDevFunc       STemWin526_CM3_OS_Keil.lib(gui_enablealpha.o)
    0x0801428e   0x0000000c   Code   RO         1272    i._GetDevFunc       STemWin526_CM3_OS_Keil.lib(gui_setalpha.o)
    0x0801429a   0x00000002   PAD
    0x0801429c   0x00000070   Code   RO         1539    i._GetDevFunc       STemWin526_CM3_OS_Keil.lib(guidrv_flexcolor.o)
    0x0801430c   0x00000010   Code   RO         1996    i._GetDevFunc       STemWin526_CM3_OS_Keil.lib(guidev_16.o)
    0x0801431c   0x0000004c   Code   RO         1540    i._GetDevFunc_Init  STemWin526_CM3_OS_Keil.lib(guidrv_flexcolor.o)
    0x08014368   0x00000002   Code   RO         1541    i._GetDevFunc_SetRect  STemWin526_CM3_OS_Keil.lib(guidrv_flexcolor.o)
    0x0801436a   0x00000002   PAD
    0x0801436c   0x00000040   Code   RO         1542    i._GetDevFunc_SetRectOutside  STemWin526_CM3_OS_Keil.lib(guidrv_flexcolor.o)
    0x080143ac   0x00000014   Code   RO         1543    i._GetDevFunc_SetSize  STemWin526_CM3_OS_Keil.lib(guidrv_flexcolor.o)
    0x080143c0   0x00000014   Code   RO         1544    i._GetDevFunc_SetVSize  STemWin526_CM3_OS_Keil.lib(guidrv_flexcolor.o)
    0x080143d4   0x0000000e   Code   RO         1180    i._GetDevProp       STemWin526_CM3_OS_Keil.lib(gui_enablealpha.o)
    0x080143e2   0x00000008   Code   RO         1273    i._GetDevProp       STemWin526_CM3_OS_Keil.lib(gui_setalpha.o)
    0x080143ea   0x0000001e   Code   RO         1428    i._GetDevProp       STemWin526_CM3_OS_Keil.lib(lcd_getex.o)
    0x08014408   0x00000066   Code   RO         1545    i._GetDevProp       STemWin526_CM3_OS_Keil.lib(guidrv_flexcolor.o)
    0x0801446e   0x00000008   Code   RO         1997    i._GetDevProp       STemWin526_CM3_OS_Keil.lib(guidev_16.o)
    0x08014476   0x00000002   PAD
    0x08014478   0x00000040   Code   RO         2211    i._GetDeviceRect    STemWin526_CM3_OS_Keil.lib(gui_sprite.o)
    0x080144b8   0x00000010   Code   RO         1181    i._GetIndexMask     STemWin526_CM3_OS_Keil.lib(gui_enablealpha.o)
    0x080144c8   0x0000001c   Code   RO         1274    i._GetIndexMask     STemWin526_CM3_OS_Keil.lib(gui_setalpha.o)
    0x080144e4   0x00000052   Code   RO         2634    i._GetIndexMask_0   STemWin526_CM3_OS_Keil.lib(guicc_0.o)
    0x08014536   0x00000006   Code   RO         1383    i._GetIndexMask_565  STemWin526_CM3_OS_Keil.lib(guicc_565.o)
    0x0801453c   0x000000a4   Code   RO         1275    i._GetLine          STemWin526_CM3_OS_Keil.lib(gui_setalpha.o)
    0x080145e0   0x0000001e   Code   RO         1429    i._GetMaxValue      STemWin526_CM3_OS_Keil.lib(lcd_getex.o)
    0x080145fe   0x00000002   PAD
    0x08014600   0x0000001c   Code   RO          949    i._GetMinIndex      STemWin526_CM3_OS_Keil.lib(gui_alloc.o)
    0x0801461c   0x0000000e   Code   RO         1182    i._GetPixelIndex    STemWin526_CM3_OS_Keil.lib(gui_enablealpha.o)
    0x0801462a   0x00000008   Code   RO         1276    i._GetPixelIndex    STemWin526_CM3_OS_Keil.lib(gui_setalpha.o)
    0x08014632   0x00000008   Code   RO         1546    i._GetPixelIndex    STemWin526_CM3_OS_Keil.lib(guidrv_flexcolor.o)
    0x0801463a   0x0000000e   Code   RO         1998    i._GetPixelIndex    STemWin526_CM3_OS_Keil.lib(guidev_16.o)
    0x08014648   0x00000012   Code   RO         1277    i._GetPointers      STemWin526_CM3_OS_Keil.lib(gui_setalpha.o)
    0x0801465a   0x0000000e   Code   RO         1183    i._GetRect          STemWin526_CM3_OS_Keil.lib(gui_enablealpha.o)
    0x08014668   0x00000008   Code   RO         1278    i._GetRect          STemWin526_CM3_OS_Keil.lib(gui_setalpha.o)
    0x08014670   0x00000016   Code   RO         1547    i._GetRect          STemWin526_CM3_OS_Keil.lib(guidrv_flexcolor.o)
    0x08014686   0x00000030   Code   RO         1999    i._GetRect          STemWin526_CM3_OS_Keil.lib(guidev_16.o)
    0x080146b6   0x00000002   PAD
    0x080146b8   0x00000010   Code   RO         1238    i._GotoX            STemWin526_CM3_OS_Keil.lib(gui_goto.o)
    0x080146c8   0x00000010   Code   RO         1239    i._GotoY            STemWin526_CM3_OS_Keil.lib(gui_goto.o)
    0x080146d8   0x00000014   Code   RO         2147    i._IncPointer       STemWin526_CM3_OS_Keil.lib(gui_pid.o)
    0x080146ec   0x00000010   Code   RO         1184    i._Index2Color      STemWin526_CM3_OS_Keil.lib(gui_enablealpha.o)
    0x080146fc   0x0000001c   Code   RO         1279    i._Index2Color      STemWin526_CM3_OS_Keil.lib(gui_setalpha.o)
    0x08014718   0x00000078   Code   RO         1185    i._Index2ColorBulk  STemWin526_CM3_OS_Keil.lib(gui_enablealpha.o)
    0x08014790   0x000000a8   Code   RO         1280    i._Index2ColorBulk  STemWin526_CM3_OS_Keil.lib(gui_setalpha.o)
    0x08014838   0x00000048   Code   RO         1384    i._Index2ColorBulk  STemWin526_CM3_OS_Keil.lib(guicc_565.o)
    0x08014880   0x00000020   Code   RO         2635    i._Index2Color_0    STemWin526_CM3_OS_Keil.lib(guicc_0.o)
    0x080148a0   0x00000098   Code   RO         1281    i._InitAlpha        STemWin526_CM3_OS_Keil.lib(gui_setalpha.o)
    0x08014938   0x00000070   Code   RO         1020    i._InitContext      STemWin526_CM3_OS_Keil.lib(gui_core.o)
    0x080149a8   0x000000a8   Code   RO          950    i._InitOnce         STemWin526_CM3_OS_Keil.lib(gui_alloc.o)
    0x08014a50   0x00000080   Code   RO         2486    i._Invalidate1Abs   STemWin526_CM3_OS_Keil.lib(wm.o)
    0x08014ad0   0x00000014   Code   RO         1350    i._Log2Phys         STemWin526_CM3_OS_Keil.lib(gui_touch_driveranalog.o)
    0x08014ae4   0x00000004   Code   RO         1548    i._Log2PhysX_X0Y0S0  STemWin526_CM3_OS_Keil.lib(guidrv_flexcolor.o)
    0x08014ae8   0x00000004   Code   RO         1549    i._Log2PhysX_X0Y0S1  STemWin526_CM3_OS_Keil.lib(guidrv_flexcolor.o)
    0x08014aec   0x00000004   Code   RO         1550    i._Log2PhysX_X0Y1S0  STemWin526_CM3_OS_Keil.lib(guidrv_flexcolor.o)
    0x08014af0   0x00000004   Code   RO         1551    i._Log2PhysX_X0Y1S1  STemWin526_CM3_OS_Keil.lib(guidrv_flexcolor.o)
    0x08014af4   0x00000008   Code   RO         1552    i._Log2PhysX_X1Y0S0  STemWin526_CM3_OS_Keil.lib(guidrv_flexcolor.o)
    0x08014afc   0x00000008   Code   RO         1553    i._Log2PhysX_X1Y0S1  STemWin526_CM3_OS_Keil.lib(guidrv_flexcolor.o)
    0x08014b04   0x00000008   Code   RO         1554    i._Log2PhysX_X1Y1S0  STemWin526_CM3_OS_Keil.lib(guidrv_flexcolor.o)
    0x08014b0c   0x00000008   Code   RO         1555    i._Log2PhysX_X1Y1S1  STemWin526_CM3_OS_Keil.lib(guidrv_flexcolor.o)
    0x08014b14   0x00000004   Code   RO         1556    i._Log2PhysY_X0Y0S0  STemWin526_CM3_OS_Keil.lib(guidrv_flexcolor.o)
    0x08014b18   0x00000004   Code   RO         1557    i._Log2PhysY_X0Y0S1  STemWin526_CM3_OS_Keil.lib(guidrv_flexcolor.o)
    0x08014b1c   0x00000008   Code   RO         1558    i._Log2PhysY_X0Y1S0  STemWin526_CM3_OS_Keil.lib(guidrv_flexcolor.o)
    0x08014b24   0x00000008   Code   RO         1559    i._Log2PhysY_X0Y1S1  STemWin526_CM3_OS_Keil.lib(guidrv_flexcolor.o)
    0x08014b2c   0x00000004   Code   RO         1560    i._Log2PhysY_X1Y0S0  STemWin526_CM3_OS_Keil.lib(guidrv_flexcolor.o)
    0x08014b30   0x00000004   Code   RO         1561    i._Log2PhysY_X1Y0S1  STemWin526_CM3_OS_Keil.lib(guidrv_flexcolor.o)
    0x08014b34   0x00000008   Code   RO         1562    i._Log2PhysY_X1Y1S0  STemWin526_CM3_OS_Keil.lib(guidrv_flexcolor.o)
    0x08014b3c   0x00000008   Code   RO         1563    i._Log2PhysY_X1Y1S1  STemWin526_CM3_OS_Keil.lib(guidrv_flexcolor.o)
    0x08014b44   0x00000002   Code   RO         2088    i._Log2VisBuffered  STemWin526_CM3_OS_Keil.lib(gui_charline.o)
    0x08014b46   0x00000002   PAD
    0x08014b48   0x00000054   Code   RO         1186    i._ManageAlpha      STemWin526_CM3_OS_Keil.lib(gui_enablealpha.o)
    0x08014b9c   0x0000003c   Code   RO         1282    i._MixColors        STemWin526_CM3_OS_Keil.lib(gui_setalpha.o)
    0x08014bd8   0x00000034   Code   RO          951    i._OnExit           STemWin526_CM3_OS_Keil.lib(gui_alloc.o)
    0x08014c0c   0x0000002c   Code   RO         1021    i._OnExit           STemWin526_CM3_OS_Keil.lib(gui_core.o)
    0x08014c38   0x0000001c   Code   RO         1187    i._OnExit           STemWin526_CM3_OS_Keil.lib(gui_enablealpha.o)
    0x08014c54   0x00000038   Code   RO         1283    i._OnExit           STemWin526_CM3_OS_Keil.lib(gui_setalpha.o)
    0x08014c8c   0x00000014   Code   RO         2277    i._OnExit           STemWin526_CM3_OS_Keil.lib(gui_task.o)
    0x08014ca0   0x00000014   Code   RO         2377    i._OnExit           STemWin526_CM3_OS_Keil.lib(lcd_color.o)
    0x08014cb4   0x00000034   Code   RO         2487    i._OnExit           STemWin526_CM3_OS_Keil.lib(wm.o)
    0x08014ce8   0x00000040   Code   RO          952    i._PopFreeBlock     STemWin526_CM3_OS_Keil.lib(gui_alloc.o)
    0x08014d28   0x00000028   Code   RO          953    i._PushFreeBlock    STemWin526_CM3_OS_Keil.lib(gui_alloc.o)
    0x08014d50   0x00000006   Code   RO         1635    i._ReadData         STemWin526_CM3_OS_Keil.lib(guidrv_flexcolor_16bpp_c0b16.o)
    0x08014d56   0x0000000c   Code   RO         1564    i._ReadPixelCust_16bpp  STemWin526_CM3_OS_Keil.lib(guidrv_flexcolor.o)
    0x08014d62   0x0000000c   Code   RO         1565    i._ReadPixelCust_18bpp  STemWin526_CM3_OS_Keil.lib(guidrv_flexcolor.o)
    0x08014d6e   0x00000028   Code   RO         1650    i._ReadPixel_16bpp_B16_I  STemWin526_CM3_OS_Keil.lib(guidrv_flexcolor_func66709.o)
    0x08014d96   0x00000024   Code   RO         1653    i._ReadPixel_16bpp_B8  STemWin526_CM3_OS_Keil.lib(guidrv_flexcolor_func66709.o)
    0x08014dba   0x00000030   Code   RO         1566    i._ReadRectCust_16bpp  STemWin526_CM3_OS_Keil.lib(guidrv_flexcolor.o)
    0x08014dea   0x00000030   Code   RO         1567    i._ReadRectCust_18bpp  STemWin526_CM3_OS_Keil.lib(guidrv_flexcolor.o)
    0x08014e1a   0x00000002   PAD
    0x08014e1c   0x00000094   Code   RO         1284    i._ReadRectFromMemdev  STemWin526_CM3_OS_Keil.lib(gui_setalpha.o)
    0x08014eb0   0x0000004c   Code   RO         1654    i._ReadRect_16bpp_B16_I  STemWin526_CM3_OS_Keil.lib(guidrv_flexcolor_func66709.o)
    0x08014efc   0x00000048   Code   RO         1657    i._ReadRect_16bpp_B8  STemWin526_CM3_OS_Keil.lib(guidrv_flexcolor_func66709.o)
    0x08014f44   0x0000001c   Code   RO         2216    i._ReleaseBuffer    STemWin526_CM3_OS_Keil.lib(gui_sprite.o)
    0x08014f60   0x00000034   Code   RO          954    i._RemoveFreeBlock  STemWin526_CM3_OS_Keil.lib(gui_alloc.o)
    0x08014f94   0x000000a0   Code   RO          955    i._RemoveHoles      STemWin526_CM3_OS_Keil.lib(gui_alloc.o)
    0x08015034   0x0000005a   Code   RO         2894    i._Screen2hWin      STemWin526_CM3_OS_Keil.lib(wm_screen2win.o)
    0x0801508e   0x00000002   PAD
    0x08015090   0x00000024   Code   RO         2895    i._Screen2hWinStop  STemWin526_CM3_OS_Keil.lib(wm_screen2win.o)
    0x080150b4   0x00000030   Code   RO         1188    i._SetBkColor       STemWin526_CM3_OS_Keil.lib(gui_enablealpha.o)
    0x080150e4   0x00000020   Code   RO         2330    i._SetBkColor       STemWin526_CM3_OS_Keil.lib(lcd.o)
    0x08015104   0x0000004c   Code   RO         2491    i._SetClipRectUserIntersect  STemWin526_CM3_OS_Keil.lib(wm.o)
    0x08015150   0x00000030   Code   RO         1189    i._SetColor         STemWin526_CM3_OS_Keil.lib(gui_enablealpha.o)
    0x08015180   0x00000020   Code   RO         2331    i._SetColor         STemWin526_CM3_OS_Keil.lib(lcd.o)
    0x080151a0   0x00000080   Code   RO         1568    i._SetDevFunc       STemWin526_CM3_OS_Keil.lib(guidrv_flexcolor.o)
    0x08015220   0x00000030   Code   RO         1190    i._SetDrawMode      STemWin526_CM3_OS_Keil.lib(gui_enablealpha.o)
    0x08015250   0x0000002c   Code   RO         2332    i._SetDrawMode      STemWin526_CM3_OS_Keil.lib(lcd.o)
    0x0801527c   0x00000030   Code   RO         1658    i._SetInterface     STemWin526_CM3_OS_Keil.lib(guidrv_flexcolor_func66709.o)
    0x080152ac   0x00000078   Code   RO         1135    i._SetLineColor     STemWin526_CM3_OS_Keil.lib(gui_drawline.o)
    0x08015324   0x00000034   Code   RO         1351    i._SetMinMax        STemWin526_CM3_OS_Keil.lib(gui_touch_driveranalog.o)
    0x08015358   0x0000000e   Code   RO         1191    i._SetOrg           STemWin526_CM3_OS_Keil.lib(gui_enablealpha.o)
    0x08015366   0x00000008   Code   RO         1285    i._SetOrg           STemWin526_CM3_OS_Keil.lib(gui_setalpha.o)
    0x0801536e   0x00000012   Code   RO         1569    i._SetOrg           STemWin526_CM3_OS_Keil.lib(guidrv_flexcolor.o)
    0x08015380   0x00000008   Code   RO         2000    i._SetOrg           STemWin526_CM3_OS_Keil.lib(guidev_16.o)
    0x08015388   0x00000038   Code   RO         1659    i._SetOrientation   STemWin526_CM3_OS_Keil.lib(guidrv_flexcolor_func66709.o)
    0x080153c0   0x000000a8   Code   RO         1660    i._SetPhysRAMAddr   STemWin526_CM3_OS_Keil.lib(guidrv_flexcolor_func66709.o)
    0x08015468   0x00000016   Code   RO         1192    i._SetPixelIndex    STemWin526_CM3_OS_Keil.lib(gui_enablealpha.o)
    0x0801547e   0x00000044   Code   RO         1286    i._SetPixelIndex    STemWin526_CM3_OS_Keil.lib(gui_setalpha.o)
    0x080154c2   0x0000000e   Code   RO         1570    i._SetPixelIndex    STemWin526_CM3_OS_Keil.lib(guidrv_flexcolor.o)
    0x080154d0   0x00000048   Code   RO         2001    i._SetPixelIndex    STemWin526_CM3_OS_Keil.lib(guidev_16.o)
    0x08015518   0x0000029c   Code   RO         2221    i._SetPosition      STemWin526_CM3_OS_Keil.lib(gui_sprite.o)
    0x080157b4   0x000000b4   Code   RO         1661    i._SetRect          STemWin526_CM3_OS_Keil.lib(guidrv_flexcolor_func66709.o)
    0x08015868   0x00000008   Code   RO         1662    i._SetReg_B16       STemWin526_CM3_OS_Keil.lib(guidrv_flexcolor_func66709.o)
    0x08015870   0x0000001a   Code   RO         1663    i._SetReg_B8        STemWin526_CM3_OS_Keil.lib(guidrv_flexcolor_func66709.o)
    0x0801588a   0x0000004a   Code   RO         2222    i._SetSpriteBkPixel  STemWin526_CM3_OS_Keil.lib(gui_sprite.o)
    0x080158d4   0x00000058   Code   RO         2148    i._StoreState       STemWin526_CM3_OS_Keil.lib(gui_pid.o)
    0x0801592c   0x00000030   Code   RO         1352    i._StoreUnstable    STemWin526_CM3_OS_Keil.lib(gui_touch_driveranalog.o)
    0x0801595c   0x00000010   Code   RO         1193    i._SwapColors       STemWin526_CM3_OS_Keil.lib(gui_enablealpha.o)
    0x0801596c   0x0000001c   Code   RO         1194    i._SwapIndices      STemWin526_CM3_OS_Keil.lib(gui_enablealpha.o)
    0x08015988   0x000000ea   Code   RO          956    i._TestRAM          STemWin526_CM3_OS_Keil.lib(gui_alloc.o)
    0x08015a72   0x00000002   PAD
    0x08015a74   0x00000030   Code   RO         1090    i._UnlinkDevice     STemWin526_CM3_OS_Keil.lib(gui_device.o)
    0x08015aa4   0x0000000a   Code   RO         1636    i._WriteData        STemWin526_CM3_OS_Keil.lib(guidrv_flexcolor_16bpp_c0b16.o)
    0x08015aae   0x00000008   Code   RO         1664    i._WritePara_B16    STemWin526_CM3_OS_Keil.lib(guidrv_flexcolor_func66709.o)
    0x08015ab6   0x0000000a   Code   RO         1665    i._WritePara_B8     STemWin526_CM3_OS_Keil.lib(guidrv_flexcolor_func66709.o)
    0x08015ac0   0x0000000e   Code   RO          957    i._WriteTagData     STemWin526_CM3_OS_Keil.lib(gui_alloc.o)
    0x08015ace   0x00000002   PAD
    0x08015ad0   0x00000340   Code   RO         2431    i._WriteToActiveOpaque_8  STemWin526_CM3_OS_Keil.lib(guidev_writetoactiveopaque.o)
    0x08015e10   0x00000354   Code   RO         2432    i._WriteToActiveOpaque_HT  STemWin526_CM3_OS_Keil.lib(guidev_writetoactiveopaque.o)
    0x08016164   0x0000003c   Code   RO         2002    i._XY2PTR           STemWin526_CM3_OS_Keil.lib(guidev_16.o)
    0x080161a0   0x0000000e   Code   RO         1195    i._XorPixel         STemWin526_CM3_OS_Keil.lib(gui_enablealpha.o)
    0x080161ae   0x0000002a   Code   RO         1287    i._XorPixel         STemWin526_CM3_OS_Keil.lib(gui_setalpha.o)
    0x080161d8   0x00000024   Code   RO         1571    i._XorPixel         STemWin526_CM3_OS_Keil.lib(guidrv_flexcolor.o)
    0x080161fc   0x00000054   Code   RO         2003    i._XorPixel         STemWin526_CM3_OS_Keil.lib(guidev_16.o)
    0x08016250   0x00000084   Code   RO         1136    i._atan2            STemWin526_CM3_OS_Keil.lib(gui_drawline.o)
    0x080162d4   0x0000000e   Code   RO         2976    i._is_digit         c_w.l(__printf_wp.o)
    0x080162e2   0x00000002   PAD
    0x080162e4   0x00000050   Code   RO         2493    i.cbBackWin         STemWin526_CM3_OS_Keil.lib(wm.o)
    0x08016334   0x0000008a   Code   RO         2333    i.emWin_LCD_Init    STemWin526_CM3_OS_Keil.lib(lcd.o)
    0x080163be   0x0000004c   Code   RO         3059    i.sqrt              m_ws.l(sqrt.o)
    0x0801640a   0x00000002   PAD
    0x0801640c   0x00000150   Code   RO         3008    x$fpl$dadd          fz_ws.l(daddsub_clz.o)
    0x0801655c   0x00000018   Code   RO         3082    x$fpl$dcmpinf       fz_ws.l(dcmpi.o)
    0x08016574   0x0000005a   Code   RO         3014    x$fpl$dfixu         fz_ws.l(dfixu.o)
    0x080165ce   0x0000002e   Code   RO         3019    x$fpl$dflt          fz_ws.l(dflt_clz.o)
    0x080165fc   0x00000026   Code   RO         3018    x$fpl$dfltu         fz_ws.l(dflt_clz.o)
    0x08016622   0x00000002   PAD
    0x08016624   0x00000078   Code   RO         3024    x$fpl$dleqf         fz_ws.l(dleqf.o)
    0x0801669c   0x00000154   Code   RO         3026    x$fpl$dmul          fz_ws.l(dmul.o)
    0x080167f0   0x0000009c   Code   RO         3084    x$fpl$dnaninf       fz_ws.l(dnaninf.o)
    0x0801688c   0x0000000c   Code   RO         3086    x$fpl$dretinf       fz_ws.l(dretinf.o)
    0x08016898   0x0000006c   Code   RO         3028    x$fpl$drleqf        fz_ws.l(drleqf.o)
    0x08016904   0x00000016   Code   RO         3009    x$fpl$drsb          fz_ws.l(daddsub_clz.o)
    0x0801691a   0x00000002   PAD
    0x0801691c   0x000001cc   Code   RO         3088    x$fpl$dsqrt         fz_ws.l(dsqrt_noumaal.o)
    0x08016ae8   0x000001d4   Code   RO         3010    x$fpl$dsub          fz_ws.l(daddsub_clz.o)
    0x08016cbc   0x00000056   Code   RO         3030    x$fpl$f2d           fz_ws.l(f2d.o)
    0x08016d12   0x00000002   PAD
    0x08016d14   0x000000c4   Code   RO         3032    x$fpl$fadd          fz_ws.l(faddsub_clz.o)
    0x08016dd8   0x00000184   Code   RO         3039    x$fpl$fdiv          fz_ws.l(fdiv.o)
    0x08016f5c   0x00000036   Code   RO         3042    x$fpl$ffix          fz_ws.l(ffix.o)
    0x08016f92   0x00000002   PAD
    0x08016f94   0x0000003e   Code   RO         3046    x$fpl$ffixu         fz_ws.l(ffixu.o)
    0x08016fd2   0x00000002   PAD
    0x08016fd4   0x00000030   Code   RO         3051    x$fpl$fflt          fz_ws.l(fflt_clz.o)
    0x08017004   0x00000026   Code   RO         3050    x$fpl$ffltu         fz_ws.l(fflt_clz.o)
    0x0801702a   0x00000002   PAD
    0x0801702c   0x00000102   Code   RO         3056    x$fpl$fmul          fz_ws.l(fmul.o)
    0x0801712e   0x0000008c   Code   RO         3090    x$fpl$fnaninf       fz_ws.l(fnaninf.o)
    0x080171ba   0x0000000a   Code   RO         3092    x$fpl$fretinf       fz_ws.l(fretinf.o)
    0x080171c4   0x000000ea   Code   RO         3034    x$fpl$fsub          fz_ws.l(faddsub_clz.o)
    0x080172ae   0x00000000   Code   RO         3094    x$fpl$usenofp       fz_ws.l(usenofp.o)
    0x080172ae   0x000017c0   Data   RO          235    .constdata          ili93xx.o
    0x08018a6e   0x0000000a   Data   RO          310    .constdata          ott2001a.o
    0x08018a78   0x0000000c   Data   RO          334    .constdata          touch.o
    0x08018a84   0x00000100   Data   RO          777    .constdata          os_core.o
    0x08018b84   0x00000008   Data   RO         1023    .constdata          STemWin526_CM3_OS_Keil.lib(gui_core.o)
    0x08018b8c   0x00000008   Data   RO         1091    .constdata          STemWin526_CM3_OS_Keil.lib(gui_device.o)
    0x08018b94   0x00000044   Data   RO         1137    .constdata          STemWin526_CM3_OS_Keil.lib(gui_drawline.o)
    0x08018bd8   0x00000058   Data   RO         1196    .constdata          STemWin526_CM3_OS_Keil.lib(gui_enablealpha.o)
    0x08018c30   0x0000004c   Data   RO         1288    .constdata          STemWin526_CM3_OS_Keil.lib(gui_setalpha.o)
    0x08018c7c   0x00000018   Data   RO         1385    .constdata          STemWin526_CM3_OS_Keil.lib(guicc_565.o)
    0x08018c94   0x00000034   Data   RO         1572    .constdata          STemWin526_CM3_OS_Keil.lib(guidrv_flexcolor.o)
    0x08018cc8   0x00000040   Data   RO         1573    .constdata          STemWin526_CM3_OS_Keil.lib(guidrv_flexcolor.o)
    0x08018d08   0x00000518   Data   RO         1687    .constdata          STemWin526_CM3_OS_Keil.lib(f6x8.o)
    0x08019220   0x000001c0   Data   RO         1688    .constdata          STemWin526_CM3_OS_Keil.lib(f6x8.o)
    0x080193e0   0x00000008   Data   RO         1689    .constdata          STemWin526_CM3_OS_Keil.lib(f6x8.o)
    0x080193e8   0x00000014   Data   RO         1690    .constdata          STemWin526_CM3_OS_Keil.lib(f6x8.o)
    0x080193fc   0x00000024   Data   RO         1691    .constdata          STemWin526_CM3_OS_Keil.lib(f6x8.o)
    0x08019420   0x00000010   Data   RO         1693    .constdata          STemWin526_CM3_OS_Keil.lib(f16_ascii.o)
    0x08019430   0x00000010   Data   RO         1694    .constdata          STemWin526_CM3_OS_Keil.lib(f16_ascii.o)
    0x08019440   0x00000010   Data   RO         1695    .constdata          STemWin526_CM3_OS_Keil.lib(f16_ascii.o)
    0x08019450   0x00000010   Data   RO         1696    .constdata          STemWin526_CM3_OS_Keil.lib(f16_ascii.o)
    0x08019460   0x00000010   Data   RO         1697    .constdata          STemWin526_CM3_OS_Keil.lib(f16_ascii.o)
    0x08019470   0x00000020   Data   RO         1698    .constdata          STemWin526_CM3_OS_Keil.lib(f16_ascii.o)
    0x08019490   0x00000020   Data   RO         1699    .constdata          STemWin526_CM3_OS_Keil.lib(f16_ascii.o)
    0x080194b0   0x00000010   Data   RO         1700    .constdata          STemWin526_CM3_OS_Keil.lib(f16_ascii.o)
    0x080194c0   0x00000010   Data   RO         1701    .constdata          STemWin526_CM3_OS_Keil.lib(f16_ascii.o)
    0x080194d0   0x00000010   Data   RO         1702    .constdata          STemWin526_CM3_OS_Keil.lib(f16_ascii.o)
    0x080194e0   0x00000010   Data   RO         1703    .constdata          STemWin526_CM3_OS_Keil.lib(f16_ascii.o)
    0x080194f0   0x00000010   Data   RO         1704    .constdata          STemWin526_CM3_OS_Keil.lib(f16_ascii.o)
    0x08019500   0x00000010   Data   RO         1705    .constdata          STemWin526_CM3_OS_Keil.lib(f16_ascii.o)
    0x08019510   0x00000010   Data   RO         1706    .constdata          STemWin526_CM3_OS_Keil.lib(f16_ascii.o)
    0x08019520   0x00000010   Data   RO         1707    .constdata          STemWin526_CM3_OS_Keil.lib(f16_ascii.o)
    0x08019530   0x00000010   Data   RO         1708    .constdata          STemWin526_CM3_OS_Keil.lib(f16_ascii.o)
    0x08019540   0x00000010   Data   RO         1709    .constdata          STemWin526_CM3_OS_Keil.lib(f16_ascii.o)
    0x08019550   0x00000010   Data   RO         1710    .constdata          STemWin526_CM3_OS_Keil.lib(f16_ascii.o)
    0x08019560   0x00000010   Data   RO         1711    .constdata          STemWin526_CM3_OS_Keil.lib(f16_ascii.o)
    0x08019570   0x00000010   Data   RO         1712    .constdata          STemWin526_CM3_OS_Keil.lib(f16_ascii.o)
    0x08019580   0x00000010   Data   RO         1713    .constdata          STemWin526_CM3_OS_Keil.lib(f16_ascii.o)
    0x08019590   0x00000010   Data   RO         1714    .constdata          STemWin526_CM3_OS_Keil.lib(f16_ascii.o)
    0x080195a0   0x00000010   Data   RO         1715    .constdata          STemWin526_CM3_OS_Keil.lib(f16_ascii.o)
    0x080195b0   0x00000010   Data   RO         1716    .constdata          STemWin526_CM3_OS_Keil.lib(f16_ascii.o)
    0x080195c0   0x00000010   Data   RO         1717    .constdata          STemWin526_CM3_OS_Keil.lib(f16_ascii.o)
    0x080195d0   0x00000010   Data   RO         1718    .constdata          STemWin526_CM3_OS_Keil.lib(f16_ascii.o)
    0x080195e0   0x00000010   Data   RO         1719    .constdata          STemWin526_CM3_OS_Keil.lib(f16_ascii.o)
    0x080195f0   0x00000010   Data   RO         1720    .constdata          STemWin526_CM3_OS_Keil.lib(f16_ascii.o)
    0x08019600   0x00000010   Data   RO         1721    .constdata          STemWin526_CM3_OS_Keil.lib(f16_ascii.o)
    0x08019610   0x00000010   Data   RO         1722    .constdata          STemWin526_CM3_OS_Keil.lib(f16_ascii.o)
    0x08019620   0x00000010   Data   RO         1723    .constdata          STemWin526_CM3_OS_Keil.lib(f16_ascii.o)
    0x08019630   0x00000010   Data   RO         1724    .constdata          STemWin526_CM3_OS_Keil.lib(f16_ascii.o)
    0x08019640   0x00000020   Data   RO         1725    .constdata          STemWin526_CM3_OS_Keil.lib(f16_ascii.o)
    0x08019660   0x00000020   Data   RO         1726    .constdata          STemWin526_CM3_OS_Keil.lib(f16_ascii.o)
    0x08019680   0x00000020   Data   RO         1727    .constdata          STemWin526_CM3_OS_Keil.lib(f16_ascii.o)
    0x080196a0   0x00000020   Data   RO         1728    .constdata          STemWin526_CM3_OS_Keil.lib(f16_ascii.o)
    0x080196c0   0x00000020   Data   RO         1729    .constdata          STemWin526_CM3_OS_Keil.lib(f16_ascii.o)
    0x080196e0   0x00000020   Data   RO         1730    .constdata          STemWin526_CM3_OS_Keil.lib(f16_ascii.o)
    0x08019700   0x00000010   Data   RO         1731    .constdata          STemWin526_CM3_OS_Keil.lib(f16_ascii.o)
    0x08019710   0x00000020   Data   RO         1732    .constdata          STemWin526_CM3_OS_Keil.lib(f16_ascii.o)
    0x08019730   0x00000020   Data   RO         1733    .constdata          STemWin526_CM3_OS_Keil.lib(f16_ascii.o)
    0x08019750   0x00000010   Data   RO         1734    .constdata          STemWin526_CM3_OS_Keil.lib(f16_ascii.o)
    0x08019760   0x00000010   Data   RO         1735    .constdata          STemWin526_CM3_OS_Keil.lib(f16_ascii.o)
    0x08019770   0x00000020   Data   RO         1736    .constdata          STemWin526_CM3_OS_Keil.lib(f16_ascii.o)
    0x08019790   0x00000010   Data   RO         1737    .constdata          STemWin526_CM3_OS_Keil.lib(f16_ascii.o)
    0x080197a0   0x00000020   Data   RO         1738    .constdata          STemWin526_CM3_OS_Keil.lib(f16_ascii.o)
    0x080197c0   0x00000020   Data   RO         1739    .constdata          STemWin526_CM3_OS_Keil.lib(f16_ascii.o)
    0x080197e0   0x00000020   Data   RO         1740    .constdata          STemWin526_CM3_OS_Keil.lib(f16_ascii.o)
    0x08019800   0x00000020   Data   RO         1741    .constdata          STemWin526_CM3_OS_Keil.lib(f16_ascii.o)
    0x08019820   0x00000020   Data   RO         1742    .constdata          STemWin526_CM3_OS_Keil.lib(f16_ascii.o)
    0x08019840   0x00000020   Data   RO         1743    .constdata          STemWin526_CM3_OS_Keil.lib(f16_ascii.o)
    0x08019860   0x00000020   Data   RO         1744    .constdata          STemWin526_CM3_OS_Keil.lib(f16_ascii.o)
    0x08019880   0x00000010   Data   RO         1745    .constdata          STemWin526_CM3_OS_Keil.lib(f16_ascii.o)
    0x08019890   0x00000020   Data   RO         1746    .constdata          STemWin526_CM3_OS_Keil.lib(f16_ascii.o)
    0x080198b0   0x00000020   Data   RO         1747    .constdata          STemWin526_CM3_OS_Keil.lib(f16_ascii.o)
    0x080198d0   0x00000020   Data   RO         1748    .constdata          STemWin526_CM3_OS_Keil.lib(f16_ascii.o)
    0x080198f0   0x00000010   Data   RO         1749    .constdata          STemWin526_CM3_OS_Keil.lib(f16_ascii.o)
    0x08019900   0x00000020   Data   RO         1750    .constdata          STemWin526_CM3_OS_Keil.lib(f16_ascii.o)
    0x08019920   0x00000010   Data   RO         1751    .constdata          STemWin526_CM3_OS_Keil.lib(f16_ascii.o)
    0x08019930   0x00000010   Data   RO         1752    .constdata          STemWin526_CM3_OS_Keil.lib(f16_ascii.o)
    0x08019940   0x00000010   Data   RO         1753    .constdata          STemWin526_CM3_OS_Keil.lib(f16_ascii.o)
    0x08019950   0x00000010   Data   RO         1754    .constdata          STemWin526_CM3_OS_Keil.lib(f16_ascii.o)
    0x08019960   0x00000010   Data   RO         1755    .constdata          STemWin526_CM3_OS_Keil.lib(f16_ascii.o)
    0x08019970   0x00000010   Data   RO         1756    .constdata          STemWin526_CM3_OS_Keil.lib(f16_ascii.o)
    0x08019980   0x00000010   Data   RO         1757    .constdata          STemWin526_CM3_OS_Keil.lib(f16_ascii.o)
    0x08019990   0x00000010   Data   RO         1758    .constdata          STemWin526_CM3_OS_Keil.lib(f16_ascii.o)
    0x080199a0   0x00000010   Data   RO         1759    .constdata          STemWin526_CM3_OS_Keil.lib(f16_ascii.o)
    0x080199b0   0x00000010   Data   RO         1760    .constdata          STemWin526_CM3_OS_Keil.lib(f16_ascii.o)
    0x080199c0   0x00000010   Data   RO         1761    .constdata          STemWin526_CM3_OS_Keil.lib(f16_ascii.o)
    0x080199d0   0x00000010   Data   RO         1762    .constdata          STemWin526_CM3_OS_Keil.lib(f16_ascii.o)
    0x080199e0   0x00000010   Data   RO         1763    .constdata          STemWin526_CM3_OS_Keil.lib(f16_ascii.o)
    0x080199f0   0x00000010   Data   RO         1764    .constdata          STemWin526_CM3_OS_Keil.lib(f16_ascii.o)
    0x08019a00   0x00000010   Data   RO         1765    .constdata          STemWin526_CM3_OS_Keil.lib(f16_ascii.o)
    0x08019a10   0x00000010   Data   RO         1766    .constdata          STemWin526_CM3_OS_Keil.lib(f16_ascii.o)
    0x08019a20   0x00000010   Data   RO         1767    .constdata          STemWin526_CM3_OS_Keil.lib(f16_ascii.o)
    0x08019a30   0x00000010   Data   RO         1768    .constdata          STemWin526_CM3_OS_Keil.lib(f16_ascii.o)
    0x08019a40   0x00000010   Data   RO         1769    .constdata          STemWin526_CM3_OS_Keil.lib(f16_ascii.o)
    0x08019a50   0x00000020   Data   RO         1770    .constdata          STemWin526_CM3_OS_Keil.lib(f16_ascii.o)
    0x08019a70   0x00000010   Data   RO         1771    .constdata          STemWin526_CM3_OS_Keil.lib(f16_ascii.o)
    0x08019a80   0x00000010   Data   RO         1772    .constdata          STemWin526_CM3_OS_Keil.lib(f16_ascii.o)
    0x08019a90   0x00000010   Data   RO         1773    .constdata          STemWin526_CM3_OS_Keil.lib(f16_ascii.o)
    0x08019aa0   0x00000010   Data   RO         1774    .constdata          STemWin526_CM3_OS_Keil.lib(f16_ascii.o)
    0x08019ab0   0x00000010   Data   RO         1775    .constdata          STemWin526_CM3_OS_Keil.lib(f16_ascii.o)
    0x08019ac0   0x00000010   Data   RO         1776    .constdata          STemWin526_CM3_OS_Keil.lib(f16_ascii.o)
    0x08019ad0   0x00000010   Data   RO         1777    .constdata          STemWin526_CM3_OS_Keil.lib(f16_ascii.o)
    0x08019ae0   0x00000010   Data   RO         1778    .constdata          STemWin526_CM3_OS_Keil.lib(f16_ascii.o)
    0x08019af0   0x00000010   Data   RO         1779    .constdata          STemWin526_CM3_OS_Keil.lib(f16_ascii.o)
    0x08019b00   0x00000020   Data   RO         1780    .constdata          STemWin526_CM3_OS_Keil.lib(f16_ascii.o)
    0x08019b20   0x00000010   Data   RO         1781    .constdata          STemWin526_CM3_OS_Keil.lib(f16_ascii.o)
    0x08019b30   0x00000010   Data   RO         1782    .constdata          STemWin526_CM3_OS_Keil.lib(f16_ascii.o)
    0x08019b40   0x00000010   Data   RO         1783    .constdata          STemWin526_CM3_OS_Keil.lib(f16_ascii.o)
    0x08019b50   0x00000010   Data   RO         1784    .constdata          STemWin526_CM3_OS_Keil.lib(f16_ascii.o)
    0x08019b60   0x00000010   Data   RO         1785    .constdata          STemWin526_CM3_OS_Keil.lib(f16_ascii.o)
    0x08019b70   0x00000010   Data   RO         1786    .constdata          STemWin526_CM3_OS_Keil.lib(f16_ascii.o)
    0x08019b80   0x00000010   Data   RO         1787    .constdata          STemWin526_CM3_OS_Keil.lib(f16_ascii.o)
    0x08019b90   0x00000300   Data   RO         1788    .constdata          STemWin526_CM3_OS_Keil.lib(f16_ascii.o)
    0x08019e90   0x0000000c   Data   RO         1789    .constdata          STemWin526_CM3_OS_Keil.lib(f16_ascii.o)
    0x08019e9c   0x00000024   Data   RO         1790    .constdata          STemWin526_CM3_OS_Keil.lib(f16_ascii.o)
    0x08019ec0   0x00000018   Data   RO         1889    .constdata          STemWin526_CM3_OS_Keil.lib(f24b_ascii.o)
    0x08019ed8   0x00000018   Data   RO         1890    .constdata          STemWin526_CM3_OS_Keil.lib(f24b_ascii.o)
    0x08019ef0   0x00000030   Data   RO         1891    .constdata          STemWin526_CM3_OS_Keil.lib(f24b_ascii.o)
    0x08019f20   0x00000030   Data   RO         1892    .constdata          STemWin526_CM3_OS_Keil.lib(f24b_ascii.o)
    0x08019f50   0x00000030   Data   RO         1893    .constdata          STemWin526_CM3_OS_Keil.lib(f24b_ascii.o)
    0x08019f80   0x00000048   Data   RO         1894    .constdata          STemWin526_CM3_OS_Keil.lib(f24b_ascii.o)
    0x08019fc8   0x00000030   Data   RO         1895    .constdata          STemWin526_CM3_OS_Keil.lib(f24b_ascii.o)
    0x08019ff8   0x00000018   Data   RO         1896    .constdata          STemWin526_CM3_OS_Keil.lib(f24b_ascii.o)
    0x0801a010   0x00000018   Data   RO         1897    .constdata          STemWin526_CM3_OS_Keil.lib(f24b_ascii.o)
    0x0801a028   0x00000018   Data   RO         1898    .constdata          STemWin526_CM3_OS_Keil.lib(f24b_ascii.o)
    0x0801a040   0x00000018   Data   RO         1899    .constdata          STemWin526_CM3_OS_Keil.lib(f24b_ascii.o)
    0x0801a058   0x00000030   Data   RO         1900    .constdata          STemWin526_CM3_OS_Keil.lib(f24b_ascii.o)
    0x0801a088   0x00000018   Data   RO         1901    .constdata          STemWin526_CM3_OS_Keil.lib(f24b_ascii.o)
    0x0801a0a0   0x00000018   Data   RO         1902    .constdata          STemWin526_CM3_OS_Keil.lib(f24b_ascii.o)
    0x0801a0b8   0x00000018   Data   RO         1903    .constdata          STemWin526_CM3_OS_Keil.lib(f24b_ascii.o)
    0x0801a0d0   0x00000018   Data   RO         1904    .constdata          STemWin526_CM3_OS_Keil.lib(f24b_ascii.o)
    0x0801a0e8   0x00000030   Data   RO         1905    .constdata          STemWin526_CM3_OS_Keil.lib(f24b_ascii.o)
    0x0801a118   0x00000030   Data   RO         1906    .constdata          STemWin526_CM3_OS_Keil.lib(f24b_ascii.o)
    0x0801a148   0x00000030   Data   RO         1907    .constdata          STemWin526_CM3_OS_Keil.lib(f24b_ascii.o)
    0x0801a178   0x00000030   Data   RO         1908    .constdata          STemWin526_CM3_OS_Keil.lib(f24b_ascii.o)
    0x0801a1a8   0x00000030   Data   RO         1909    .constdata          STemWin526_CM3_OS_Keil.lib(f24b_ascii.o)
    0x0801a1d8   0x00000030   Data   RO         1910    .constdata          STemWin526_CM3_OS_Keil.lib(f24b_ascii.o)
    0x0801a208   0x00000030   Data   RO         1911    .constdata          STemWin526_CM3_OS_Keil.lib(f24b_ascii.o)
    0x0801a238   0x00000030   Data   RO         1912    .constdata          STemWin526_CM3_OS_Keil.lib(f24b_ascii.o)
    0x0801a268   0x00000030   Data   RO         1913    .constdata          STemWin526_CM3_OS_Keil.lib(f24b_ascii.o)
    0x0801a298   0x00000030   Data   RO         1914    .constdata          STemWin526_CM3_OS_Keil.lib(f24b_ascii.o)
    0x0801a2c8   0x00000018   Data   RO         1915    .constdata          STemWin526_CM3_OS_Keil.lib(f24b_ascii.o)
    0x0801a2e0   0x00000018   Data   RO         1916    .constdata          STemWin526_CM3_OS_Keil.lib(f24b_ascii.o)
    0x0801a2f8   0x00000030   Data   RO         1917    .constdata          STemWin526_CM3_OS_Keil.lib(f24b_ascii.o)
    0x0801a328   0x00000030   Data   RO         1918    .constdata          STemWin526_CM3_OS_Keil.lib(f24b_ascii.o)
    0x0801a358   0x00000030   Data   RO         1919    .constdata          STemWin526_CM3_OS_Keil.lib(f24b_ascii.o)
    0x0801a388   0x00000030   Data   RO         1920    .constdata          STemWin526_CM3_OS_Keil.lib(f24b_ascii.o)
    0x0801a3b8   0x00000048   Data   RO         1921    .constdata          STemWin526_CM3_OS_Keil.lib(f24b_ascii.o)
    0x0801a400   0x00000030   Data   RO         1922    .constdata          STemWin526_CM3_OS_Keil.lib(f24b_ascii.o)
    0x0801a430   0x00000030   Data   RO         1923    .constdata          STemWin526_CM3_OS_Keil.lib(f24b_ascii.o)
    0x0801a460   0x00000030   Data   RO         1924    .constdata          STemWin526_CM3_OS_Keil.lib(f24b_ascii.o)
    0x0801a490   0x00000030   Data   RO         1925    .constdata          STemWin526_CM3_OS_Keil.lib(f24b_ascii.o)
    0x0801a4c0   0x00000030   Data   RO         1926    .constdata          STemWin526_CM3_OS_Keil.lib(f24b_ascii.o)
    0x0801a4f0   0x00000030   Data   RO         1927    .constdata          STemWin526_CM3_OS_Keil.lib(f24b_ascii.o)
    0x0801a520   0x00000030   Data   RO         1928    .constdata          STemWin526_CM3_OS_Keil.lib(f24b_ascii.o)
    0x0801a550   0x00000030   Data   RO         1929    .constdata          STemWin526_CM3_OS_Keil.lib(f24b_ascii.o)
    0x0801a580   0x00000018   Data   RO         1930    .constdata          STemWin526_CM3_OS_Keil.lib(f24b_ascii.o)
    0x0801a598   0x00000030   Data   RO         1931    .constdata          STemWin526_CM3_OS_Keil.lib(f24b_ascii.o)
    0x0801a5c8   0x00000030   Data   RO         1932    .constdata          STemWin526_CM3_OS_Keil.lib(f24b_ascii.o)
    0x0801a5f8   0x00000030   Data   RO         1933    .constdata          STemWin526_CM3_OS_Keil.lib(f24b_ascii.o)
    0x0801a628   0x00000048   Data   RO         1934    .constdata          STemWin526_CM3_OS_Keil.lib(f24b_ascii.o)
    0x0801a670   0x00000030   Data   RO         1935    .constdata          STemWin526_CM3_OS_Keil.lib(f24b_ascii.o)
    0x0801a6a0   0x00000030   Data   RO         1936    .constdata          STemWin526_CM3_OS_Keil.lib(f24b_ascii.o)
    0x0801a6d0   0x00000030   Data   RO         1937    .constdata          STemWin526_CM3_OS_Keil.lib(f24b_ascii.o)
    0x0801a700   0x00000030   Data   RO         1938    .constdata          STemWin526_CM3_OS_Keil.lib(f24b_ascii.o)
    0x0801a730   0x00000030   Data   RO         1939    .constdata          STemWin526_CM3_OS_Keil.lib(f24b_ascii.o)
    0x0801a760   0x00000030   Data   RO         1940    .constdata          STemWin526_CM3_OS_Keil.lib(f24b_ascii.o)
    0x0801a790   0x00000030   Data   RO         1941    .constdata          STemWin526_CM3_OS_Keil.lib(f24b_ascii.o)
    0x0801a7c0   0x00000030   Data   RO         1942    .constdata          STemWin526_CM3_OS_Keil.lib(f24b_ascii.o)
    0x0801a7f0   0x00000030   Data   RO         1943    .constdata          STemWin526_CM3_OS_Keil.lib(f24b_ascii.o)
    0x0801a820   0x00000048   Data   RO         1944    .constdata          STemWin526_CM3_OS_Keil.lib(f24b_ascii.o)
    0x0801a868   0x00000030   Data   RO         1945    .constdata          STemWin526_CM3_OS_Keil.lib(f24b_ascii.o)
    0x0801a898   0x00000030   Data   RO         1946    .constdata          STemWin526_CM3_OS_Keil.lib(f24b_ascii.o)
    0x0801a8c8   0x00000030   Data   RO         1947    .constdata          STemWin526_CM3_OS_Keil.lib(f24b_ascii.o)
    0x0801a8f8   0x00000018   Data   RO         1948    .constdata          STemWin526_CM3_OS_Keil.lib(f24b_ascii.o)
    0x0801a910   0x00000018   Data   RO         1949    .constdata          STemWin526_CM3_OS_Keil.lib(f24b_ascii.o)
    0x0801a928   0x00000018   Data   RO         1950    .constdata          STemWin526_CM3_OS_Keil.lib(f24b_ascii.o)
    0x0801a940   0x00000030   Data   RO         1951    .constdata          STemWin526_CM3_OS_Keil.lib(f24b_ascii.o)
    0x0801a970   0x00000030   Data   RO         1952    .constdata          STemWin526_CM3_OS_Keil.lib(f24b_ascii.o)
    0x0801a9a0   0x00000018   Data   RO         1953    .constdata          STemWin526_CM3_OS_Keil.lib(f24b_ascii.o)
    0x0801a9b8   0x00000030   Data   RO         1954    .constdata          STemWin526_CM3_OS_Keil.lib(f24b_ascii.o)
    0x0801a9e8   0x00000030   Data   RO         1955    .constdata          STemWin526_CM3_OS_Keil.lib(f24b_ascii.o)
    0x0801aa18   0x00000030   Data   RO         1956    .constdata          STemWin526_CM3_OS_Keil.lib(f24b_ascii.o)
    0x0801aa48   0x00000030   Data   RO         1957    .constdata          STemWin526_CM3_OS_Keil.lib(f24b_ascii.o)
    0x0801aa78   0x00000030   Data   RO         1958    .constdata          STemWin526_CM3_OS_Keil.lib(f24b_ascii.o)
    0x0801aaa8   0x00000018   Data   RO         1959    .constdata          STemWin526_CM3_OS_Keil.lib(f24b_ascii.o)
    0x0801aac0   0x00000030   Data   RO         1960    .constdata          STemWin526_CM3_OS_Keil.lib(f24b_ascii.o)
    0x0801aaf0   0x00000030   Data   RO         1961    .constdata          STemWin526_CM3_OS_Keil.lib(f24b_ascii.o)
    0x0801ab20   0x00000018   Data   RO         1962    .constdata          STemWin526_CM3_OS_Keil.lib(f24b_ascii.o)
    0x0801ab38   0x00000018   Data   RO         1963    .constdata          STemWin526_CM3_OS_Keil.lib(f24b_ascii.o)
    0x0801ab50   0x00000030   Data   RO         1964    .constdata          STemWin526_CM3_OS_Keil.lib(f24b_ascii.o)
    0x0801ab80   0x00000018   Data   RO         1965    .constdata          STemWin526_CM3_OS_Keil.lib(f24b_ascii.o)
    0x0801ab98   0x00000048   Data   RO         1966    .constdata          STemWin526_CM3_OS_Keil.lib(f24b_ascii.o)
    0x0801abe0   0x00000030   Data   RO         1967    .constdata          STemWin526_CM3_OS_Keil.lib(f24b_ascii.o)
    0x0801ac10   0x00000030   Data   RO         1968    .constdata          STemWin526_CM3_OS_Keil.lib(f24b_ascii.o)
    0x0801ac40   0x00000030   Data   RO         1969    .constdata          STemWin526_CM3_OS_Keil.lib(f24b_ascii.o)
    0x0801ac70   0x00000030   Data   RO         1970    .constdata          STemWin526_CM3_OS_Keil.lib(f24b_ascii.o)
    0x0801aca0   0x00000018   Data   RO         1971    .constdata          STemWin526_CM3_OS_Keil.lib(f24b_ascii.o)
    0x0801acb8   0x00000030   Data   RO         1972    .constdata          STemWin526_CM3_OS_Keil.lib(f24b_ascii.o)
    0x0801ace8   0x00000018   Data   RO         1973    .constdata          STemWin526_CM3_OS_Keil.lib(f24b_ascii.o)
    0x0801ad00   0x00000030   Data   RO         1974    .constdata          STemWin526_CM3_OS_Keil.lib(f24b_ascii.o)
    0x0801ad30   0x00000030   Data   RO         1975    .constdata          STemWin526_CM3_OS_Keil.lib(f24b_ascii.o)
    0x0801ad60   0x00000030   Data   RO         1976    .constdata          STemWin526_CM3_OS_Keil.lib(f24b_ascii.o)
    0x0801ad90   0x00000030   Data   RO         1977    .constdata          STemWin526_CM3_OS_Keil.lib(f24b_ascii.o)
    0x0801adc0   0x00000030   Data   RO         1978    .constdata          STemWin526_CM3_OS_Keil.lib(f24b_ascii.o)
    0x0801adf0   0x00000030   Data   RO         1979    .constdata          STemWin526_CM3_OS_Keil.lib(f24b_ascii.o)
    0x0801ae20   0x00000018   Data   RO         1980    .constdata          STemWin526_CM3_OS_Keil.lib(f24b_ascii.o)
    0x0801ae38   0x00000018   Data   RO         1981    .constdata          STemWin526_CM3_OS_Keil.lib(f24b_ascii.o)
    0x0801ae50   0x00000018   Data   RO         1982    .constdata          STemWin526_CM3_OS_Keil.lib(f24b_ascii.o)
    0x0801ae68   0x00000030   Data   RO         1983    .constdata          STemWin526_CM3_OS_Keil.lib(f24b_ascii.o)
    0x0801ae98   0x000002f8   Data   RO         1984    .constdata          STemWin526_CM3_OS_Keil.lib(f24b_ascii.o)
    0x0801b190   0x0000000c   Data   RO         1985    .constdata          STemWin526_CM3_OS_Keil.lib(f24b_ascii.o)
    0x0801b19c   0x00000024   Data   RO         1986    .constdata          STemWin526_CM3_OS_Keil.lib(f24b_ascii.o)
    0x0801b1c0   0x00000074   Data   RO         2004    .constdata          STemWin526_CM3_OS_Keil.lib(guidev_16.o)
    0x0801b234   0x00000020   Data   RO         2048    .constdata          STemWin526_CM3_OS_Keil.lib(gui__divtbl_31_255.o)
    0x0801b254   0x00000040   Data   RO         2049    .constdata          STemWin526_CM3_OS_Keil.lib(gui__divtbl_63_255.o)
    0x0801b294   0x00000100   Data   RO         2050    .constdata          STemWin526_CM3_OS_Keil.lib(gui__divtbl_255_31.o)
    0x0801b394   0x00000100   Data   RO         2051    .constdata          STemWin526_CM3_OS_Keil.lib(gui__divtbl_255_63.o)
    0x0801b494   0x00000010   Data   RO         2310    .constdata          STemWin526_CM3_OS_Keil.lib(gui_uc_encodenone.o)
    0x0801b4a4   0x0000000c   Data   RO         2334    .constdata          STemWin526_CM3_OS_Keil.lib(lcd.o)
    0x0801b4b0   0x00000100   Data   RO         2386    .constdata          STemWin526_CM3_OS_Keil.lib(lcd_mirror.o)
    0x0801b5b0   0x00000008   Data   RO         2433    .constdata          STemWin526_CM3_OS_Keil.lib(guidev_writetoactiveopaque.o)
    0x0801b5b8   0x00000018   Data   RO         2636    .constdata          STemWin526_CM3_OS_Keil.lib(guicc_0.o)
    0x0801b5d0   0x00000028   Data   RO         2949    .constdata          c_w.l(_printf_hex_int.o)
    0x0801b5f8   0x00000011   Data   RO         2984    .constdata          c_w.l(__printf_flags_ss_wp.o)
    0x0801b609   0x00000003   PAD
    0x0801b60c   0x00000079   Data   RO          335    .conststring        touch.o
    0x0801b685   0x00000003   PAD
    0x0801b688   0x00000028   Data   RO          411    .conststring        usmart.o
    0x0801b6b0   0x0000006b   Data   RO          430    .conststring        usmart_config.o
    0x0801b71b   0x00000001   PAD
    0x0801b71c   0x00000020   Data   RO         3253    Region$$Table       anon$$obj.o


    Execution Region RW_IRAM1 (Base: 0x20000000, Size: 0x0000a810, Max: 0x0000c000, ABSOLUTE, COMPRESSED[0x000000d4])

    Base Addr    Size         Type   Attr      Idx    E Section Name        Object

    0x20000000   0x00000014   Data   RW          174    .data               system_stm32f10x.o
    0x20000014   0x00000004   Data   RW          236    .data               ili93xx.o
    0x20000018   0x00000001   Data   RW          311    .data               ott2001a.o
    0x20000019   0x00000003   PAD
    0x2000001c   0x0000003c   Data   RW          336    .data               touch.o
    0x20000058   0x00000004   Data   RW          362    .data               delay.o
    0x2000005c   0x00000006   Data   RW          389    .data               usart.o
    0x20000062   0x00000002   PAD
    0x20000064   0x0000001c   Data   RW          412    .data               usmart.o
    0x20000080   0x00000114   Data   RW          431    .data               usmart_config.o
    0x20000194   0x00000014   Data   RW          577    .data               stm32f10x_rcc.o
    0x200001a8   0x00000014   Data   RW          632    .data               malloc.o
    0x200001bc   0x00000011   Data   RW          650    .data               gui_x_os.o
    0x200001cd   0x00000003   PAD
    0x200001d0   0x00000048   Data   RW          778    .data               os_core.o
    0x20000218   0x00000008   Data   RW          959    .data               STemWin526_CM3_OS_Keil.lib(gui_alloc.o)
    0x20000220   0x0000002c   Data   RW         1024    .data               STemWin526_CM3_OS_Keil.lib(gui_core.o)
    0x2000024c   0x00000004   Data   RW         1026    .data               STemWin526_CM3_OS_Keil.lib(gui_core.o)
    0x20000250   0x00000004   Data   RW         1027    .data               STemWin526_CM3_OS_Keil.lib(gui_core.o)
    0x20000254   0x00000002   Data   RW         1030    .data               STemWin526_CM3_OS_Keil.lib(gui_core.o)
    0x20000256   0x00000002   PAD
    0x20000258   0x00000004   Data   RW         1031    .data               STemWin526_CM3_OS_Keil.lib(gui_core.o)
    0x2000025c   0x00000002   Data   RW         1032    .data               STemWin526_CM3_OS_Keil.lib(gui_core.o)
    0x2000025e   0x00000002   Data   RW         1033    .data               STemWin526_CM3_OS_Keil.lib(gui_core.o)
    0x20000260   0x0000002c   Data   RW         1197    .data               STemWin526_CM3_OS_Keil.lib(gui_enablealpha.o)
    0x2000028c   0x00000020   Data   RW         1289    .data               STemWin526_CM3_OS_Keil.lib(gui_setalpha.o)
    0x200002ac   0x00000030   Data   RW         1354    .data               STemWin526_CM3_OS_Keil.lib(gui_touch_driveranalog.o)
    0x200002dc   0x0000001c   Data   RW         1574    .data               STemWin526_CM3_OS_Keil.lib(guidrv_flexcolor.o)
    0x200002f8   0x00000008   Data   RW         1666    .data               STemWin526_CM3_OS_Keil.lib(guidrv_flexcolor_func66709.o)
    0x20000300   0x00000004   Data   RW         2005    .data               STemWin526_CM3_OS_Keil.lib(guidev_16.o)
    0x20000304   0x00000004   Data   RW         2089    .data               STemWin526_CM3_OS_Keil.lib(gui_charline.o)
    0x20000308   0x00000004   Data   RW         2129    .data               STemWin526_CM3_OS_Keil.lib(gui_fillpolygon.o)
    0x2000030c   0x00000008   Data   RW         2150    .data               STemWin526_CM3_OS_Keil.lib(gui_pid.o)
    0x20000314   0x00000008   Data   RW         2168    .data               STemWin526_CM3_OS_Keil.lib(gui_selectlayer.o)
    0x2000031c   0x0000001c   Data   RW         2278    .data               STemWin526_CM3_OS_Keil.lib(gui_task.o)
    0x20000338   0x00000008   Data   RW         2288    .data               STemWin526_CM3_OS_Keil.lib(gui_touch_storeunstable.o)
    0x20000340   0x00000004   Data   RW         2335    .data               STemWin526_CM3_OS_Keil.lib(lcd.o)
    0x20000344   0x00000010   Data   RW         2378    .data               STemWin526_CM3_OS_Keil.lib(lcd_color.o)
    0x20000354   0x00000004   Data   RW         2410    .data               STemWin526_CM3_OS_Keil.lib(guidev_banding.o)
    0x20000358   0x00000060   Data   RW         2495    .data               STemWin526_CM3_OS_Keil.lib(wm.o)
    0x200003b8   0x00000001   Data   RW         2496    .data               STemWin526_CM3_OS_Keil.lib(wm.o)
    0x200003b9   0x00000003   PAD
    0x200003bc   0x00000014   Data   RW         2562    .data               STemWin526_CM3_OS_Keil.lib(gui__managecache.o)
    0x200003d0   0x0000000c   Data   RW         2591    .data               STemWin526_CM3_OS_Keil.lib(gui_onkey.o)
    0x200003dc   0x0000000c   Data   RW         2624    .data               STemWin526_CM3_OS_Keil.lib(gui_waitevent.o)
    0x200003e8   0x00000004   Data   RW         2718    .data               STemWin526_CM3_OS_Keil.lib(wm__sendmessage.o)
    0x200003ec   0x0000000c   Data   RW         2760    .data               STemWin526_CM3_OS_Keil.lib(wm_touch.o)
    0x200003f8   0x00003360   Zero   RW            2    .bss                main.o
    0x20003758   0x0000000e   Zero   RW          234    .bss                ili93xx.o
    0x20003766   0x000000c8   Zero   RW          388    .bss                usart.o
    0x2000382e   0x00000002   PAD
    0x20003830   0x00005500   Zero   RW          630    .bss                malloc.o
    0x20008d30   0x00000dc8   Zero   RW          776    .bss                os_core.o
    0x20009af8   0x000000c8   Zero   RW          958    .bss                STemWin526_CM3_OS_Keil.lib(gui_alloc.o)
    0x20009bc0   0x00000070   Zero   RW         1022    .bss                STemWin526_CM3_OS_Keil.lib(gui_core.o)
    0x20009c30   0x00000028   Zero   RW         1061    .bss                STemWin526_CM3_OS_Keil.lib(gui_curs1.o)
    0x20009c58   0x0000000c   Zero   RW         1339    .bss                STemWin526_CM3_OS_Keil.lib(gui_touch.o)
    0x20009c64   0x00000010   Zero   RW         1353    .bss                STemWin526_CM3_OS_Keil.lib(gui_touch_driveranalog.o)
    0x20009c74   0x00000018   Zero   RW         2128    .bss                STemWin526_CM3_OS_Keil.lib(gui_fillpolygon.o)
    0x20009c8c   0x00000048   Zero   RW         2149    .bss                STemWin526_CM3_OS_Keil.lib(gui_pid.o)
    0x20009cd4   0x00000018   Zero   RW         2494    .bss                STemWin526_CM3_OS_Keil.lib(wm.o)
    0x20009cec   0x00000058   Zero   RW         2590    .bss                STemWin526_CM3_OS_Keil.lib(gui_onkey.o)
    0x20009d44   0x0000000c   Zero   RW         2615    .bss                STemWin526_CM3_OS_Keil.lib(gui_touch_storestate.o)
    0x20009d50   0x00000048   Zero   RW         2759    .bss                STemWin526_CM3_OS_Keil.lib(wm_touch.o)
    0x20009d98   0x00000018   Zero   RW         2888    .bss                STemWin526_CM3_OS_Keil.lib(wm_pid__getprevstate.o)
    0x20009db0   0x00000060   Zero   RW         3122    .bss                c_w.l(libspace.o)
    0x20009e10   0x00000200   Zero   RW          471    HEAP                startup_stm32f10x_hd.o
    0x2000a010   0x00000800   Zero   RW          470    STACK               startup_stm32f10x_hd.o


==============================================================================

Image component sizes


      Code (inc. data)   RO Data    RW Data    ZI Data      Debug   Object Name

       378          0          0          0          0       2618   24cxx.o
         0          0          0          0          0         32   core_cm3.o
       608         18          0          0          0       1985   ctiic.o
       244         20          0          4          0       1263   delay.o
       276         24          0         17          0       2959   gui_x_os.o
        24          0          0          0          0        936   gui_x_touch_analog.o
        40          4          0          0          0        855   guiconf.o
     22700        204       6080          4         14      23727   ili93xx.o
       636         36          0          0          0       4786   lcdconf_flexcolor_template.o
        80          8          0          0          0     205251   led.o
       960        148          0          0      13152     310720   main.o
       416          6          0         20      21760       3861   malloc.o
       220         22          0          0          0       1797   misc.o
       600         12          0          0          0       1836   myiic.o
      2192        216        256         72       3528      14763   os_core.o
       180         36          0          0          0        320   os_cpu_a.o
       174          0          0          0          0      10326   os_cpu_c.o
      2060         42          0          0          0       6756   os_flag.o
       972         16          0          0          0       4078   os_mbox.o
      1512         30          0          0          0       5481   os_q.o
       908         18          0          0          0       3822   os_sem.o
      1988         70          0          0          0       7413   os_task.o
       432         30          0          0          0       1754   os_time.o
       880         60         10          1          0       2526   ott2001a.o
        64         26        304          0       2560        788   startup_stm32f10x_hd.o
       860         38          0          0          0       5645   stm32f10x_gpio.o
        64         20          0          0          0       1059   stm32f10x_it.o
       932         36          0         20          0       8808   stm32f10x_rcc.o
      3610         88          0          0          0      22132   stm32f10x_tim.o
      1032         22          0          0          0       8368   stm32f10x_usart.o
        12          0          0          0          0        437   sys.o
       480         38          0         20          0       1695   system_stm32f10x.o
      3076        180        133         60          0       6343   touch.o
       336         18          0          6        200       3154   usart.o
      3136       1288         40         28          0       4226   usmart.o
         0          0        107        276          0       1584   usmart_config.o
      1320         12          0          0          0       5021   usmart_str.o

    ----------------------------------------------------------------------
     53408       2786       6966        536      41216     689125   Object Totals
         0          0         32          0          0          0   (incl. Generated)
         6          0          4          8          2          0   (incl. Padding)

    ----------------------------------------------------------------------

      Code (inc. data)   RO Data    RW Data    ZI Data      Debug   Library Member Name

         0          0       2720          0          0          0   f16_ascii.o
         0          0       4864          0          0          0   f24b_ascii.o
         0          0       1816          0          0          0   f6x8.o
       128          4          0          0          0         84   gui_2dlib.o
        96          0          0          0          0         80   gui__alpha.o
       292          0          0          0          0         76   gui__compactpixelindices.o
         0          0        256          0          0          0   gui__divtbl_255_31.o
         0          0        256          0          0          0   gui__divtbl_255_63.o
         0          0         32          0          0          0   gui__divtbl_31_255.o
         0          0         64          0          0          0   gui__divtbl_63_255.o
       210         10          0          0          0         84   gui__expandpixelindices.o
        58          0          0          0          0         68   gui__intersectrect.o
        82          0          0          0          0         80   gui__intersectrects.o
       216          8          0         20          0        156   gui__managecache.o
        76          0          0          0          0         76   gui__memset.o
        60          0          0          0          0         76   gui__memset16.o
        26          0          0          0          0         68   gui__sqrt32.o
      1770        102          0          8        200       1696   gui_alloc.o
        46          0          0          0          0         80   gui_alloc_alloczero.o
        60          0          0          0          0         76   gui_calccolordist.o
       164         20          0          0          0        308   gui_char.o
       458         36          0          4          0        472   gui_charline.o
       394         10          0          0          0        300   gui_charm.o
       308         10          0          0          0        384   gui_charp.o
       252         10          0          0          0        180   gui_circ.o
       476         78          8         62        112        620   gui_core.o
       120          6          0          0         40         88   gui_curs1.o
       470         38          8          0          0        744   gui_device.o
       264          4          0          0          0         88   gui_dispstring.o
        40          6          0          0          0         88   gui_dispstringat.o
        52          4          0          0          0         92   gui_dispstringhcenter.o
       502          8          0          0          0        204   gui_drawgradient.o
       384          8          0          0          0        204   gui_drawgradientrounded.o
        88          6          0          0          0         84   gui_drawhline.o
      1192         34         68          0          0        832   gui_drawline.o
        76          4          0          0          0         80   gui_drawpixel.o
        92         10          0          0          0        156   gui_drawpoint.o
       400          4          0          0          0        208   gui_drawroundedframe.o
       386          6          0          0          0        204   gui_drawroundedrect.o
        80          6          0          0          0         80   gui_drawvline.o
      1156         96         88         44          0       1948   gui_enablealpha.o
       532         22          0          4         24        176   gui_fillpolygon.o
        88          4          0          0          0         84   gui_fillrect.o
       212          6          0          0          0         96   gui_fillroundedrect.o
       160          0          0          0          0        152   gui_getbitmappixelindex.o
        48          0          0          0          0        152   gui_getcolor.o
        66         12          0          0          0        216   gui_goto.o
       104          6          0          0          0         84   gui_invertrect.o
        88          0          0          0          0         76   gui_mergerect.o
        30          0          0          0          0         68   gui_moverect.o
        16          4          0         12         88         68   gui_onkey.o
        28          4          0          0          0         80   gui_pen.o
       248         36          0          8         72        444   gui_pid.o
        56          0          0          0          0         68   gui_rectsintersect.o
       138         14          0          8          0        316   gui_selectlayer.o
        26          0          0          0          0         80   gui_selectlcd.o
      3132        168         76         32          0       2688   gui_setalpha.o
        44          0          0          0          0        160   gui_setcolor.o
        24          0          0          0          0         76   gui_setdrawmode.o
        32          6          0          0          0         80   gui_setfont.o
        28          4          0          0          0         80   gui_setlinestyle.o
        64         16          0          0          0         88   gui_setorg.o
        32          6          0          0          0         80   gui_settextalign.o
        32          6          0          0          0         80   gui_settextmode.o
      1246         10          0          0          0        716   gui_sprite.o
       324         32          0         28          0        392   gui_task.o
        44          6          0          0         12         84   gui_touch.o
       632         46          0         48         16        472   gui_touch_driveranalog.o
        36          6          0          0         12         68   gui_touch_storestate.o
        44          4          0          8          0         88   gui_touch_storeunstable.o
        84         10          0          0          0        168   gui_uc.o
        18          0         16          0          0        272   gui_uc_encodenone.o
        16          4          0         12          0         68   gui_waitevent.o
       198          0         24          0          0        244   guicc_0.o
       218         38         24          0          0        388   guicc_565.o
       202         12          0          0          0        244   guidev.o
      2324         66        116          4          0       1336   guidev_16.o
        12          6          0          4          0         68   guidev_banding.o
        34          0          0          0          0         80   guidev_getdataptr.o
       104         12          0          0          0        160   guidev_getpos.o
        52          6          0          0          0         80   guidev_getxsize.o
        84          0          0          0          0        164   guidev_usage.o
      1868         16          8          0          0        492   guidev_writetoactiveopaque.o
      1506         76        116         28          0       3316   guidrv_flexcolor.o
      1712         62          0          0          0        876   guidrv_flexcolor_16bpp_c0b16.o
       886         56          0          8          0       1160   guidrv_flexcolor_func66709.o
      1730        118         12          4          0       1436   lcd.o
       260         26          0         16          0        388   lcd_color.o
        32         12          0          0          0        136   lcd_getcolorindex.o
       340         24          0          0          0       1068   lcd_getex.o
        26          0          0          0          0         80   lcd_getnumdisplays.o
         0          0        256          0          0          0   lcd_mirror.o
        64         10          0          0          0         80   lcd_selectlcd.o
       220          0          0          0          0        420   lcd_set.o
        48         10          0          0          0         80   lcd_setcliprectex.o
        36          4          0          0          0         80   lcd_updatecolorindices.o
      3060        142          0         97         24       2716   wm.o
        18          0          0          0          0         76   wm__getfirstsibling.o
        36          0          0          0          0         80   wm__getprevsibling.o
        34          0          0          0          0         80   wm__isancestor.o
        22          0          0          0          0         76   wm__isenabled.o
        60          6          0          4          0         88   wm__sendmessage.o
        28          0          0          0          0         92   wm__sendmessageifenabled.o
       136          0          0          0          0         92   wm_bringtobottom.o
        60         12          0          0          0        136   wm_criticalhandle.o
        32          0          0          0          0         80   wm_getclientrect.o
        24         10          0          0          0         68   wm_getdesktopwindow.o
        20          4          0          0          0         68   wm_getdesktopwindowex.o
        26          0          0          0          0         76   wm_getfirstchild.o
        26          0          0          0          0         76   wm_getparent.o
        24          0          0          0          0         76   wm_iswindow.o
        24          6          0          0         24         68   wm_pid__getprevstate.o
       204          6          0          0          0        324   wm_screen2win.o
        38          0          0          0          0         92   wm_sendtoparent.o
        62          8          0          0          0        160   wm_setcapture.o
      1108         46          0         12         72        344   wm_touch.o
        90          0          0          0          0          0   __dczerorl2.o
         8          0          0          0          0         68   __main.o
       392          4         17          0          0         92   __printf_flags_ss_wp.o
        14          0          0          0          0         68   __printf_wp.o
        52          8          0          0          0          0   __scatter.o
        28          0          0          0          0          0   __scatter_zi.o
         6          0          0          0          0          0   _printf_c.o
        44          0          0          0          0        108   _printf_char.o
        48          6          0          0          0         96   _printf_char_common.o
        36          4          0          0          0         80   _printf_char_file.o
         6          0          0          0          0          0   _printf_d.o
       116         16          0          0          0         92   _printf_dec.o
        88          4         40          0          0         88   _printf_hex_int.o
       178          0          0          0          0         88   _printf_intcommon.o
        78          0          0          0          0        108   _printf_pad.o
         0          0          0          0          0          0   _printf_percent.o
         4          0          0          0          0          0   _printf_percent_end.o
         6          0          0          0          0          0   _printf_s.o
        82          0          0          0          0         80   _printf_str.o
         6          0          0          0          0          0   _printf_u.o
         6          0          0          0          0          0   _printf_x.o
        22          0          0          0          0        100   _rserrno.o
        12          0          0          0          0         72   exit.o
         8          0          0          0          0         68   ferror.o
         6          0          0          0          0        152   heapauxi.o
         2          0          0          0          0          0   libinit.o
         2          0          0          0          0          0   libinit2.o
         2          0          0          0          0          0   libshutdown.o
         2          0          0          0          0          0   libshutdown2.o
         8          4          0          0         96         68   libspace.o
        88          0          0          0          0         76   memcmp.o
        24          4          0          0          0         84   noretval__2printf.o
         8          4          0          0          0         68   rt_errno_addr_intlibspace.o
        78          0          0          0          0         80   rt_memclr_w.o
       138          0          0          0          0         68   rt_memcpy_v6.o
       100          0          0          0          0         80   rt_memcpy_w.o
       132          0          0          0          0         68   rt_memmove_v6.o
       122          0          0          0          0         80   rt_memmove_w.o
         0          0          0          0          0          0   rtentry.o
        12          0          0          0          0          0   rtentry2.o
         6          0          0          0          0          0   rtentry4.o
         2          0          0          0          0          0   rtexit.o
        10          0          0          0          0          0   rtexit2.o
        74          0          0          0          0         80   sys_stackheap_outer.o
         2          0          0          0          0         68   use_no_semi.o
         2          0          0          0          0         68   use_no_semi_2.o
       826         16          0          0          0        348   daddsub_clz.o
        24          0          0          0          0         68   dcmpi.o
        90          4          0          0          0         92   dfixu.o
        84          0          0          0          0        136   dflt_clz.o
       120          4          0          0          0         92   dleqf.o
       340         12          0          0          0        104   dmul.o
       156          4          0          0          0         92   dnaninf.o
        12          0          0          0          0         68   dretinf.o
       108          0          0          0          0         80   drleqf.o
       460         56          0          0          0        120   dsqrt_noumaal.o
        86          4          0          0          0         84   f2d.o
       430          8          0          0          0        168   faddsub_clz.o
       388         76          0          0          0         96   fdiv.o
        54          4          0          0          0         84   ffix.o
        62          4          0          0          0         84   ffixu.o
        86          0          0          0          0        136   fflt_clz.o
       258          4          0          0          0         84   fmul.o
       140          4          0          0          0         84   fnaninf.o
        10          0          0          0          0         68   fretinf.o
         0          0          0          0          0          0   usenofp.o
        76          0          0          0          0         84   sqrt.o

    ----------------------------------------------------------------------
     41182       2008      10888        480        792      39548   Library Totals
        78          0          3          5          0          0   (incl. Padding)

    ----------------------------------------------------------------------

      Code (inc. data)   RO Data    RW Data    ZI Data      Debug   Library Name

     35144       1754      10828        475        696      35128   STemWin526_CM3_OS_Keil.lib
      2150         54         57          0         96       2248   c_w.l
      3734        200          0          0          0       2088   fz_ws.l
        76          0          0          0          0         84   m_ws.l

    ----------------------------------------------------------------------
     41182       2008      10888        480        792      39548   Library Totals

    ----------------------------------------------------------------------

==============================================================================


      Code (inc. data)   RO Data    RW Data    ZI Data      Debug   

     94590       4794      17854       1016      42008     700797   Grand Totals
     94590       4794      17854        212      42008     700797   ELF Image Totals (compressed)
     94590       4794      17854        212          0          0   ROM Totals

==============================================================================

    Total RO  Size (Code + RO Data)               112444 ( 109.81kB)
    Total RW  Size (RW Data + ZI Data)             43024 (  42.02kB)
    Total ROM Size (Code + RO Data + RW Data)     112656 ( 110.02kB)

==============================================================================

